<html>
<body>
<pre>
<h1>µVision Build Log</h1>
<h2>Tool Versions:</h2>
IDE-Version: ¦ÌVision V5.24.2.0
Copyright (C) 2017 ARM Ltd and ARM Germany GmbH. All rights reserved.
License Information: l Administrator, l, LIC=UB430-B8NJC-8W52D-8AH09-FT85R-H83X3
 
Tool Versions:
Toolchain:       MDK-ARM Professional  Version: 5.24.1
Toolchain Path:  C:\Keil_v5\ARM\ARMCC\Bin
C Compiler:      Armcc.exe V5.06 update 5 (build 528)
Assembler:       Armasm.exe V5.06 update 5 (build 528)
Linker/Locator:  ArmLink.exe V5.06 update 5 (build 528)
Library Manager: ArmAr.exe V5.06 update 5 (build 528)
Hex Converter:   FromElf.exe V5.06 update 5 (build 528)
CPU DLL:         SARMCM3.DLL V5.24.1
Dialog DLL:      DARMCM1.DLL V1.18.0.0
Target DLL:      Segger\JL2CM3.dll V2.99.26.0
Dialog DLL:      TARMCM1.DLL V1.13.0.0
 
<h2>Project:</h2>
C:\Users\Administrator\Desktop\share\KEA128-Project\Projecct\MDK\KEA128.uvprojx
Project File Date:  03/03/2018

<h2>Output:</h2>
*** Using Compiler 'V5.06 update 5 (build 528)', folder: 'C:\Keil_v5\ARM\ARMCC\Bin'
Build target 'KEA128'
compiling common.c...
compiling KEA128_ftm.c...
compiling KEA128_gpio.c...
compiling KEA128_irq.c...
compiling KEA128_adc.c...
compiling KEA128_flash.c...
compiling misc.c...
compiling KEA128_kbi.c...
compiling KEA128_port.c...
compiling KEA128_pit.c...
compiling KEA128_systick.c...
compiling KEA128_uart.c...
compiling KEA128_i2c.c...
compiling KEA128_spi.c...
compiling SEEKFREE_FUN.c...
compiling SEEKFREE_MPU6050.c...
compiling SEEKFREE_IIC.c...
compiling isr.c...
compiling main.c...
compiling nvic.c...
compiling oled_iic.c...
compiling protoco.c...
..\PRJ\protoco.c(50): warning:  #177-D: variable "send_buff"  was declared but never referenced
  		u8 send_buff[32]={0};
..\PRJ\protoco.c(91): warning:  #177-D: variable "send_buff"  was declared but never referenced
  	u8 send_buff[32]={0};
..\PRJ\protoco.c(122): warning:  #177-D: variable "send_buff"  was declared but never referenced
  	u8 send_buff[32]={0};
..\PRJ\protoco.c: 3 warnings, 0 errors
compiling codetab.c...
compiling filter.c...
compiling init.c...
compiling control.c...
compiling my_nrf.c...
compiling angle.c...
compiling speed.c...
compiling master.c...
compiling key.c...
compiling turn.c...
compiling COMPUTER.c...
linking...
Program Size: Code=13352 RO-data=8616 RW-data=344 ZI-data=1328  
".\Objects\KEA128.axf" - 0 Error(s), 3 Warning(s).

<h2>Software Packages used:</h2>

Package Vendor: Keil
                http://www.keil.com/pack/Keil.Kinetis_KEAxx_DFP.1.3.0.pack
                Keil.Kinetis_KEAxx_DFP.1.3.0
                NXP Kinetis KEAxx Series Device Support and Examples

<h2>Collection of Component include folders:</h2>
  .\RTE\_KEA128
  C:\Keil_v5\ARM\PACK\Keil\Kinetis_KEAxx_DFP\1.3.0\Device\Include

<h2>Collection of Component Files used:</h2>
Build Time Elapsed:  00:00:18
</pre>
</body>
</html>
