Component: ARM Compiler 5.06 update 5 (build 528) Tool: armlink [4d35e2]

==============================================================================

Section Cross References

    startup_skeaz1284.o(RESET) refers to startup_skeaz1284.o(STACK) for __initial_sp
    startup_skeaz1284.o(RESET) refers to startup_skeaz1284.o(.text) for Reset_Handler
    startup_skeaz1284.o(RESET) refers to isr.o(i.IRQ_IRQHandler) for IRQ_IRQHandler
    startup_skeaz1284.o(RESET) refers to isr.o(i.PIT_CH0_IRQHandler) for PIT_CH0_IRQHandler
    startup_skeaz1284.o(RESET) refers to isr.o(i.KBI0_IRQHandler) for KBI0_IRQHandler
    startup_skeaz1284.o(.text) refers to system_skeaz1284.o(i.Start) for Start
    startup_skeaz1284.o(.text) refers to entry.o(.ARM.Collect$$$$00000000) for __main
    system_skeaz1284.o(i.Start) refers to system_skeaz1284.o(i.disable_wdog) for disable_wdog
    common.o(i.get_clk) refers to memcpya.o(.text) for __aeabi_memcpy4
    common.o(i.get_clk) refers to uidiv.o(.text) for __aeabi_uidivmod
    common.o(i.get_clk) refers to kea128_uart.o(i.uart_init) for uart_init
    common.o(i.get_clk) refers to common.o(.constdata) for .constdata
    common.o(i.get_clk) refers to common.o(.data) for ics_clk_khz
    kea128_flash.o(i.FLASH_EraseSector) refers to kea128_flash.o(i.FlashCmdStart) for FlashCmdStart
    kea128_flash.o(i.FLASH_Init) refers to uidiv.o(.text) for __aeabi_uidivmod
    kea128_flash.o(i.FLASH_Init) refers to common.o(.data) for bus_clk_khz
    kea128_flash.o(i.FLASH_WriteSector) refers to kea128_flash.o(i.FlashCmdStart) for FlashCmdStart
    kea128_flash.o(i.FlashCmdStart) refers to kea128_flash.o(.data) for s_flash_command_run
    kea128_ftm.o(i.ftm_count_clean) refers to kea128_ftm.o(.constdata) for FTMX
    kea128_ftm.o(i.ftm_count_get) refers to kea128_ftm.o(.constdata) for FTMX
    kea128_ftm.o(i.ftm_count_init) refers to kea128_ftm.o(i.ftm_count_mux) for ftm_count_mux
    kea128_ftm.o(i.ftm_count_init) refers to kea128_ftm.o(.constdata) for FTMX
    kea128_ftm.o(i.ftm_count_mux) refers to kea128_port.o(i.prot_pull) for prot_pull
    kea128_ftm.o(i.ftm_pwm_duty) refers to uidiv.o(.text) for __aeabi_uidivmod
    kea128_ftm.o(i.ftm_pwm_duty) refers to kea128_ftm.o(.data) for period
    kea128_ftm.o(i.ftm_pwm_duty) refers to kea128_ftm.o(.constdata) for FTMX
    kea128_ftm.o(i.ftm_pwm_freq) refers to uidiv.o(.text) for __aeabi_uidivmod
    kea128_ftm.o(i.ftm_pwm_freq) refers to common.o(.data) for ftm_clk_khz
    kea128_ftm.o(i.ftm_pwm_freq) refers to kea128_ftm.o(.data) for period
    kea128_ftm.o(i.ftm_pwm_freq) refers to kea128_ftm.o(.constdata) for FTMX
    kea128_ftm.o(i.ftm_pwm_init) refers to kea128_ftm.o(i.ftm_pwm_mux) for ftm_pwm_mux
    kea128_ftm.o(i.ftm_pwm_init) refers to uidiv.o(.text) for __aeabi_uidivmod
    kea128_ftm.o(i.ftm_pwm_init) refers to common.o(.data) for ftm_clk_khz
    kea128_ftm.o(i.ftm_pwm_init) refers to kea128_ftm.o(.data) for period
    kea128_ftm.o(i.ftm_pwm_init) refers to kea128_ftm.o(.constdata) for FTMX
    kea128_ftm.o(i.ftm_pwm_mux) refers to kea128_ftm.o(i.__ARM_common_switch8) for __ARM_common_switch8
    kea128_gpio.o(i.gpio_ddr) refers to kea128_gpio.o(.constdata) for GPIOX
    kea128_gpio.o(i.gpio_get) refers to kea128_gpio.o(.constdata) for GPIOX
    kea128_gpio.o(i.gpio_init) refers to kea128_gpio.o(.constdata) for GPIOX
    kea128_gpio.o(i.gpio_set) refers to kea128_gpio.o(.constdata) for GPIOX
    kea128_gpio.o(i.gpio_turn) refers to kea128_gpio.o(.constdata) for GPIOX
    kea128_kbi.o(i.kbi_init) refers to kea128_port.o(i.prot_pull) for prot_pull
    kea128_kbi.o(i.kbi_init) refers to kea128_kbi.o(.data) for kbi
    kea128_uart.o(i.fputc) refers to kea128_uart.o(i.uart_putchar) for uart_putchar
    kea128_uart.o(i.uart_getchar) refers to kea128_uart.o(.data) for uart
    kea128_uart.o(i.uart_init) refers to kea128_uart.o(i.uart_mux) for uart_mux
    kea128_uart.o(i.uart_init) refers to uidiv.o(.text) for __aeabi_uidivmod
    kea128_uart.o(i.uart_init) refers to kea128_uart.o(.data) for uart
    kea128_uart.o(i.uart_init) refers to common.o(.data) for bus_clk_khz
    kea128_uart.o(i.uart_putbuff) refers to kea128_uart.o(i.uart_putchar) for uart_putchar
    kea128_uart.o(i.uart_putchar) refers to kea128_uart.o(.data) for uart
    kea128_uart.o(i.uart_putint) refers to kea128_uart.o(i.uart_putchar) for uart_putchar
    kea128_uart.o(i.uart_putint) refers to kea128_systick.o(i.systick_delay_us) for systick_delay_us
    kea128_uart.o(i.uart_putstr) refers to kea128_uart.o(i.uart_putchar) for uart_putchar
    kea128_uart.o(i.uart_rx_irq_dis) refers to kea128_uart.o(i.NVIC_DisableIRQ) for NVIC_DisableIRQ
    kea128_uart.o(i.uart_rx_irq_dis) refers to kea128_uart.o(.data) for uart
    kea128_uart.o(i.uart_rx_irq_en) refers to kea128_uart.o(i.NVIC_EnableIRQ) for NVIC_EnableIRQ
    kea128_uart.o(i.uart_rx_irq_en) refers to kea128_uart.o(.data) for uart
[...]
    ffltui.o(.text) refers to fepilogue.o(.text) for _float_epilogue
    dflti.o(.text) refers (Special) to iusefp.o(.text) for __I$use$fp
    dflti.o(.text) refers to depilogue.o(.text) for _double_epilogue
    dfltui.o(.text) refers (Special) to iusefp.o(.text) for __I$use$fp
    dfltui.o(.text) refers to depilogue.o(.text) for _double_epilogue
    ffixi.o(.text) refers (Special) to iusefp.o(.text) for __I$use$fp
    ffixui.o(.text) refers (Special) to iusefp.o(.text) for __I$use$fp
    dfixi.o(.text) refers (Special) to iusefp.o(.text) for __I$use$fp
    dfixi.o(.text) refers to llushr.o(.text) for __aeabi_llsr
    f2d.o(.text) refers (Special) to iusefp.o(.text) for __I$use$fp
    cdcmple.o(.text) refers (Special) to iusefp.o(.text) for __I$use$fp
    cdrcmple.o(.text) refers (Special) to iusefp.o(.text) for __I$use$fp
    d2f.o(.text) refers (Special) to iusefp.o(.text) for __I$use$fp
    d2f.o(.text) refers to fepilogue.o(.text) for _float_round
    cfcmple.o(.text) refers (Special) to iusefp.o(.text) for __I$use$fp
    cfrcmple.o(.text) refers (Special) to iusefp.o(.text) for __I$use$fp
    atan.o(i.__softfp_atan) refers (Special) to iusefp.o(.text) for __I$use$fp
    atan.o(i.__softfp_atan) refers to atan.o(i.atan) for atan
    atan.o(i.atan) refers (Special) to iusefp.o(.text) for __I$use$fp
    atan.o(i.atan) refers to dunder.o(i.__mathlib_dbl_infnan) for __mathlib_dbl_infnan
    atan.o(i.atan) refers to fpclassify.o(i.__ARM_fpclassify) for __ARM_fpclassify
    atan.o(i.atan) refers to dunder.o(i.__mathlib_dbl_underflow) for __mathlib_dbl_underflow
    atan.o(i.atan) refers to dadd.o(.text) for __aeabi_dadd
    atan.o(i.atan) refers to dscalb.o(.text) for __ARM_scalbn
    atan.o(i.atan) refers to ddiv.o(.text) for __aeabi_ddiv
    atan.o(i.atan) refers to dmul.o(.text) for __aeabi_dmul
    atan.o(i.atan) refers to poly.o(i.__kernel_poly) for __kernel_poly
    atan.o(i.atan) refers to atan.o(.constdata) for .constdata
    atan.o(.constdata) refers (Special) to iusefp.o(.text) for __I$use$fp
    atan_x.o(i.____softfp_atan$lsc) refers (Special) to iusefp.o(.text) for __I$use$fp
    atan_x.o(i.____softfp_atan$lsc) refers to atan_x.o(i.__atan$lsc) for __atan$lsc
    atan_x.o(i.__atan$lsc) refers (Special) to iusefp.o(.text) for __I$use$fp
    atan_x.o(i.__atan$lsc) refers to dunder.o(i.__mathlib_dbl_infnan) for __mathlib_dbl_infnan
    atan_x.o(i.__atan$lsc) refers to dadd.o(.text) for __aeabi_dadd
    atan_x.o(i.__atan$lsc) refers to dscalb.o(.text) for __ARM_scalbn
    atan_x.o(i.__atan$lsc) refers to ddiv.o(.text) for __aeabi_ddiv
    atan_x.o(i.__atan$lsc) refers to dmul.o(.text) for __aeabi_dmul
    atan_x.o(i.__atan$lsc) refers to poly.o(i.__kernel_poly) for __kernel_poly
    atan_x.o(i.__atan$lsc) refers to atan_x.o(.constdata) for .constdata
    atan_x.o(.constdata) refers (Special) to iusefp.o(.text) for __I$use$fp
    dunder.o(i.__mathlib_dbl_divzero) refers to ddiv.o(.text) for __aeabi_ddiv
    dunder.o(i.__mathlib_dbl_infnan) refers to dscalb.o(.text) for __ARM_scalbn
    dunder.o(i.__mathlib_dbl_infnan2) refers to dadd.o(.text) for __aeabi_dadd
    dunder.o(i.__mathlib_dbl_invalid) refers to ddiv.o(.text) for __aeabi_ddiv
    dunder.o(i.__mathlib_dbl_overflow) refers to dscalb.o(.text) for __ARM_scalbn
    dunder.o(i.__mathlib_dbl_posinfnan) refers to dmul.o(.text) for __aeabi_dmul
    dunder.o(i.__mathlib_dbl_underflow) refers to dscalb.o(.text) for __ARM_scalbn
    fpclassify.o(i.__ARM_fpclassify) refers (Special) to iusefp.o(.text) for __I$use$fp
    poly.o(i.__kernel_poly) refers (Special) to iusefp.o(.text) for __I$use$fp
    poly.o(i.__kernel_poly) refers to dmul.o(.text) for __aeabi_dmul
    poly.o(i.__kernel_poly) refers to dadd.o(.text) for __aeabi_dadd
    qnan.o(.constdata) refers (Special) to iusefp.o(.text) for __I$use$fp
    entry2.o(.ARM.Collect$$$$00000001) refers to entry2.o(.ARM.Collect$$$$00002712) for __lit__00000000
    entry2.o(.ARM.Collect$$$$00002712) refers to startup_skeaz1284.o(STACK) for __initial_sp
    entry2.o(__vectab_stack_and_reset_area) refers to startup_skeaz1284.o(STACK) for __initial_sp
    entry2.o(__vectab_stack_and_reset_area) refers to entry.o(.ARM.Collect$$$$00000000) for __main
    entry5.o(.ARM.Collect$$$$00000004) refers to init.o(.text) for __scatterload
    entry9a.o(.ARM.Collect$$$$0000000B) refers to main.o(i.main) for main
    entry9b.o(.ARM.Collect$$$$0000000C) refers to main.o(i.main) for main
    errno.o(i.__aeabi_errno_addr) refers to errno.o(.data) for .data
    errno.o(i.__read_errno) refers to errno.o(.data) for .data
    errno.o(i.__set_errno) refers to errno.o(.data) for .data
    depilogue.o(.text) refers to depilogue.o(i.__ARM_clz) for __ARM_clz
    depilogue.o(.text) refers to llshl.o(.text) for __aeabi_llsl
    depilogue.o(.text) refers to llushr.o(.text) for __aeabi_llsr
    dsqrt.o(.text) refers to llushr.o(.text) for __aeabi_llsr
    dsqrt.o(.text) refers to depilogue.o(.text) for _double_round
    init.o(.text) refers to entry5.o(.ARM.Collect$$$$00000004) for __main_after_scatterload


==============================================================================

Removing Unused input sections from the image.

    Removing startup_skeaz1284.o(HEAP), (512 bytes).
    Removing system_skeaz1284.o(.rev16_text), (4 bytes).
    Removing system_skeaz1284.o(.revsh_text), (4 bytes).
    Removing misc.o(.rev16_text), (4 bytes).
    Removing misc.o(.revsh_text), (4 bytes).
    Removing misc.o(i.write_vtor), (12 bytes).
    Removing common.o(.rev16_text), (4 bytes).
    Removing common.o(.revsh_text), (4 bytes).
    Removing kea128_adc.o(.rev16_text), (4 bytes).
    Removing kea128_adc.o(.revsh_text), (4 bytes).
    Removing kea128_adc.o(i.adc_stop), (12 bytes).
    Removing kea128_flash.o(.rev16_text), (4 bytes).
    Removing kea128_flash.o(.revsh_text), (4 bytes).
    Removing kea128_flash.o(i.FLASH_GetSectorSize), (6 bytes).
    Removing kea128_ftm.o(.rev16_text), (4 bytes).
    Removing kea128_ftm.o(.revsh_text), (4 bytes).
    Removing kea128_ftm.o(i.ftm_pwm_freq), (132 bytes).
    Removing kea128_gpio.o(.rev16_text), (4 bytes).
    Removing kea128_gpio.o(.revsh_text), (4 bytes).
    Removing kea128_gpio.o(i.gpio_turn), (52 bytes).
    Removing kea128_irq.o(.rev16_text), (4 bytes).
    Removing kea128_irq.o(.revsh_text), (4 bytes).
    Removing kea128_irq.o(i.irq_init), (52 bytes).
    Removing kea128_kbi.o(.rev16_text), (4 bytes).
    Removing kea128_kbi.o(.revsh_text), (4 bytes).
    Removing kea128_kbi.o(i.kbi_init), (176 bytes).
    Removing kea128_kbi.o(.data), (8 bytes).
    Removing kea128_pit.o(.rev16_text), (4 bytes).
    Removing kea128_pit.o(.revsh_text), (4 bytes).
    Removing kea128_pit.o(i.pit_close), (48 bytes).
    Removing kea128_pit.o(i.pit_delay), (128 bytes).
    Removing kea128_pit.o(i.pit_time_get), (88 bytes).
    Removing kea128_pit.o(i.pit_time_start), (88 bytes).
    Removing kea128_port.o(.rev16_text), (4 bytes).
    Removing kea128_port.o(.revsh_text), (4 bytes).
    Removing kea128_uart.o(.rev16_text), (4 bytes).
    Removing kea128_uart.o(.revsh_text), (4 bytes).
    Removing kea128_uart.o(i.NVIC_DisableIRQ), (20 bytes).
    Removing kea128_uart.o(i.NVIC_EnableIRQ), (20 bytes).
    Removing kea128_uart.o(i.fputc), (18 bytes).
    Removing kea128_uart.o(i.uart_getchar), (36 bytes).
    Removing kea128_uart.o(i.uart_putbuff), (30 bytes).
    Removing kea128_uart.o(i.uart_putint), (46 bytes).
    Removing kea128_uart.o(i.uart_putstr), (26 bytes).
    Removing kea128_uart.o(i.uart_rx_irq_dis), (56 bytes).
    Removing kea128_uart.o(i.uart_rx_irq_en), (40 bytes).
    Removing kea128_uart.o(i.uart_txc_irq_dis), (56 bytes).
    Removing kea128_uart.o(i.uart_txc_irq_en), (40 bytes).
    Removing kea128_systick.o(.rev16_text), (4 bytes).
    Removing kea128_systick.o(.revsh_text), (4 bytes).
    Removing kea128_systick.o(i.systick_getval), (12 bytes).
    Removing kea128_systick.o(i.systick_timing), (24 bytes).
    Removing kea128_i2c.o(.rev16_text), (4 bytes).
    Removing kea128_i2c.o(.revsh_text), (4 bytes).
    Removing kea128_i2c.o(i.i2c_delay), (24 bytes).
    Removing kea128_i2c.o(i.i2c_init), (280 bytes).
    Removing kea128_i2c.o(i.i2c_read_reg), (308 bytes).
    Removing kea128_i2c.o(i.i2c_read_reg_bytes), (436 bytes).
    Removing kea128_i2c.o(i.i2c_write_reg), (200 bytes).
    Removing kea128_i2c.o(.constdata), (128 bytes).
    Removing kea128_i2c.o(.data), (12 bytes).
    Removing kea128_spi.o(.rev16_text), (4 bytes).
    Removing kea128_spi.o(.revsh_text), (4 bytes).
    Removing kea128_spi.o(i.spi_init), (308 bytes).
    Removing kea128_spi.o(i.spi_mosi), (96 bytes).
    Removing kea128_spi.o(i.spi_mosi_cmd), (44 bytes).
    Removing kea128_spi.o(.constdata), (36 bytes).
    Removing kea128_spi.o(.data), (8 bytes).
    Removing seekfree_fun.o(.rev16_text), (4 bytes).
    Removing seekfree_fun.o(.revsh_text), (4 bytes).
    Removing seekfree_fun.o(i.limit), (58 bytes).
    Removing seekfree_fun.o(i.limit_ab), (14 bytes).
    Removing seekfree_fun.o(i.my_delay), (12 bytes).
    Removing seekfree_fun.o(i.myabs), (14 bytes).
    Removing seekfree_iic.o(.rev16_text), (4 bytes).
    Removing seekfree_iic.o(.revsh_text), (4 bytes).
    Removing seekfree_iic.o(.data), (9 bytes).
    Removing seekfree_mpu6050.o(.rev16_text), (4 bytes).
    Removing seekfree_mpu6050.o(.revsh_text), (4 bytes).
    Removing isr.o(.rev16_text), (4 bytes).
    Removing isr.o(.revsh_text), (4 bytes).
    Removing main.o(.rev16_text), (4 bytes).
    Removing main.o(.revsh_text), (4 bytes).
    Removing main.o(.data), (2 bytes).
    Removing nvic.o(.rev16_text), (4 bytes).
    Removing nvic.o(.revsh_text), (4 bytes).
    Removing oled_iic.o(.rev16_text), (4 bytes).
    Removing oled_iic.o(.revsh_text), (4 bytes).
    Removing oled_iic.o(i.Delay_1ms), (26 bytes).
    Removing oled_iic.o(i.Delay_50ms), (24 bytes).
    Removing oled_iic.o(i.OLED_Display_Off), (28 bytes).
    Removing oled_iic.o(i.OLED_Display_On), (28 bytes).
    Removing oled_iic.o(i.OLED_DrawBMP), (116 bytes).
    Removing oled_iic.o(i.OLED_On), (62 bytes).
    Removing oled_iic.o(i.OLED_ShowCHinese), (96 bytes).
    Removing oled_iic.o(i.fill_picture), (64 bytes).
    Removing codetab.o(.rev16_text), (4 bytes).
    Removing codetab.o(.revsh_text), (4 bytes).
    Removing codetab.o(.data), (2080 bytes).
    Removing my_nrf.o(.rev16_text), (4 bytes).
    Removing my_nrf.o(.revsh_text), (4 bytes).
    Removing my_nrf.o(i.NRF24L01_Check), (120 bytes).
    Removing my_nrf.o(i.NRF24L01_RT_Init), (112 bytes).
    Removing my_nrf.o(i.NRF24L01_Read_Buf), (56 bytes).
    Removing my_nrf.o(i.NRF24L01_Read_Reg), (38 bytes).
    Removing my_nrf.o(i.NRF24L01_RxPacket), (74 bytes).
    Removing my_nrf.o(i.NRF24L01_TxPacket), (94 bytes).
    Removing my_nrf.o(i.NRF24L01_Write_Buf), (56 bytes).
    Removing my_nrf.o(i.NRF24L01_Write_Reg), (40 bytes).
    Removing my_nrf.o(i.SEND_BUF), (66 bytes).
    Removing my_nrf.o(i.SPI_GPIO_Init), (64 bytes).
    Removing my_nrf.o(i.SPI_RW), (74 bytes).
    Removing my_nrf.o(i.delay_150us), (16 bytes).
    Removing my_nrf.o(.constdata), (10 bytes).
    Removing control.o(.rev16_text), (4 bytes).
    Removing control.o(.revsh_text), (4 bytes).
    Removing filter.o(.rev16_text), (4 bytes).
    Removing filter.o(.revsh_text), (4 bytes).
    Removing filter.o(i.IMUupdate), (1328 bytes).
    Removing filter.o(i.Kalman_Filter), (580 bytes).
    Removing filter.o(.bss), (16 bytes).
    Removing filter.o(.constdata), (16 bytes).
    Removing init.o(.rev16_text), (4 bytes).
    Removing init.o(.revsh_text), (4 bytes).
    Removing protoco.o(.rev16_text), (4 bytes).
    Removing protoco.o(.revsh_text), (4 bytes).
    Removing protoco.o(i.Send_Wave_char), (76 bytes).
    Removing protoco.o(i.Send_Wave_int), (76 bytes).
    Removing protoco.o(i.vcan_sendware), (60 bytes).
    Removing angle.o(.rev16_text), (4 bytes).
    Removing angle.o(.revsh_text), (4 bytes).
    Removing speed.o(.rev16_text), (4 bytes).
    Removing speed.o(.revsh_text), (4 bytes).
    Removing turn.o(.rev16_text), (4 bytes).
    Removing turn.o(.revsh_text), (4 bytes).
    Removing key.o(.rev16_text), (4 bytes).
    Removing key.o(.revsh_text), (4 bytes).
    Removing master.o(.rev16_text), (4 bytes).
    Removing master.o(.revsh_text), (4 bytes).
    Removing master.o(i.get_pid), (108 bytes).
    Removing master.o(i.order), (58 bytes).
    Removing master.o(i.send_pid), (120 bytes).
    Removing master.o(i.send_road), (70 bytes).
    Removing master.o(i.send_sensor), (52 bytes).
    Removing computer.o(.rev16_text), (4 bytes).
    Removing computer.o(.revsh_text), (4 bytes).
    Removing computer.o(i.sensor_DATA), (176 bytes).
    Removing dscalb.o(.text), (44 bytes).

148 unused section(s) (total 10123 bytes) removed from the image.

==============================================================================

Image Symbol Table

    Local Symbols

    Symbol Name                              Value     Ov Type        Size  Object(Section)

    RESET                                    0x00000000   Section      192  startup_skeaz1284.o(RESET)
    ../clib/../cmprslib/zerorunl2.c          0x00000000   Number         0  __dczerorl2.o ABSOLUTE
    ../clib/microlib/division.c              0x00000000   Number         0  uidiv.o ABSOLUTE
    ../clib/microlib/division.c              0x00000000   Number         0  idiv.o ABSOLUTE
    ../clib/microlib/errno.c                 0x00000000   Number         0  errno.o ABSOLUTE
    ../clib/microlib/init/entry.s            0x00000000   Number         0  entry7a.o ABSOLUTE
    ../clib/microlib/init/entry.s            0x00000000   Number         0  entry11a.o ABSOLUTE
    ../clib/microlib/init/entry.s            0x00000000   Number         0  entry5.o ABSOLUTE
    ../clib/microlib/init/entry.s            0x00000000   Number         0  entry8b.o ABSOLUTE
    ../clib/microlib/init/entry.s            0x00000000   Number         0  entry11b.o ABSOLUTE
    ../clib/microlib/init/entry.s            0x00000000   Number         0  entry7b.o ABSOLUTE
    ../clib/microlib/init/entry.s            0x00000000   Number         0  entry.o ABSOLUTE
    ../clib/microlib/init/entry.s            0x00000000   Number         0  entry8a.o ABSOLUTE
    ../clib/microlib/init/entry.s            0x00000000   Number         0  entry2.o ABSOLUTE
    ../clib/microlib/init/entry.s            0x00000000   Number         0  entry9a.o ABSOLUTE
    ../clib/microlib/init/entry.s            0x00000000   Number         0  entry9b.o ABSOLUTE
    ../clib/microlib/init/entry.s            0x00000000   Number         0  entry10a.o ABSOLUTE
    ../clib/microlib/init/entry.s            0x00000000   Number         0  entry10b.o ABSOLUTE
    ../clib/microlib/longlong.c              0x00000000   Number         0  llushr.o ABSOLUTE
    ../clib/microlib/longlong.c              0x00000000   Number         0  llshl.o ABSOLUTE
    ../clib/microlib/longlong.c              0x00000000   Number         0  llsshr.o ABSOLUTE
    ../clib/microlib/string/memcpy.c         0x00000000   Number         0  memcpya.o ABSOLUTE
    ../clib/microlib/string/memcpy.c         0x00000000   Number         0  memcpyb.o ABSOLUTE
    ../clib/microlib/string/memset.c         0x00000000   Number         0  memseta.o ABSOLUTE
    ../clib/microlib/stubs.s                 0x00000000   Number         0  iusefp.o ABSOLUTE
    ../fplib/microlib/d2f.c                  0x00000000   Number         0  d2f.o ABSOLUTE
    ../fplib/microlib/f2d.c                  0x00000000   Number         0  f2d.o ABSOLUTE
    ../fplib/microlib/fpadd.c                0x00000000   Number         0  dadd.o ABSOLUTE
    ../fplib/microlib/fpadd.c                0x00000000   Number         0  fadd.o ABSOLUTE
    ../fplib/microlib/fpdiv.c                0x00000000   Number         0  ddiv.o ABSOLUTE
    ../fplib/microlib/fpdiv.c                0x00000000   Number         0  fdiv.o ABSOLUTE
    ../fplib/microlib/fpepilogue.c           0x00000000   Number         0  depilogue.o ABSOLUTE
    ../fplib/microlib/fpepilogue.c           0x00000000   Number         0  fepilogue.o ABSOLUTE
    ../fplib/microlib/fpfix.c                0x00000000   Number         0  ffixi.o ABSOLUTE
    ../fplib/microlib/fpfix.c                0x00000000   Number         0  ffixui.o ABSOLUTE
    ../fplib/microlib/fpfix.c                0x00000000   Number         0  dfixi.o ABSOLUTE
    ../fplib/microlib/fpflt.c                0x00000000   Number         0  dfltui.o ABSOLUTE
    ../fplib/microlib/fpflt.c                0x00000000   Number         0  fflti.o ABSOLUTE
    ../fplib/microlib/fpflt.c                0x00000000   Number         0  ffltui.o ABSOLUTE
    ../fplib/microlib/fpflt.c                0x00000000   Number         0  dflti.o ABSOLUTE
    ../fplib/microlib/fpmul.c                0x00000000   Number         0  fmul.o ABSOLUTE
    ../fplib/microlib/fpmul.c                0x00000000   Number         0  dmul.o ABSOLUTE
    ../fplib/microlib/fpscalb.c              0x00000000   Number         0  dscalb.o ABSOLUTE
    ../fplib/microlib/fpsqrt.c               0x00000000   Number         0  dsqrt.o ABSOLUTE
    ../mathlib/asin.c                        0x00000000   Number         0  asin_x.o ABSOLUTE
    ../mathlib/asin.c                        0x00000000   Number         0  asin.o ABSOLUTE
    ../mathlib/atan.c                        0x00000000   Number         0  atan.o ABSOLUTE
    ../mathlib/atan.c                        0x00000000   Number         0  atan_x.o ABSOLUTE
    ../mathlib/atan2.c                       0x00000000   Number         0  atan2.o ABSOLUTE
    ../mathlib/atan2.c                       0x00000000   Number         0  atan2_x.o ABSOLUTE
    ../mathlib/dunder.c                      0x00000000   Number         0  dunder.o ABSOLUTE
    ../mathlib/fpclassify.c                  0x00000000   Number         0  fpclassify.o ABSOLUTE
    ../mathlib/poly.c                        0x00000000   Number         0  poly.o ABSOLUTE
    ../mathlib/qnan.c                        0x00000000   Number         0  qnan.o ABSOLUTE
    ../mathlib/sqrt.c                        0x00000000   Number         0  sqrt.o ABSOLUTE
    ../mathlib/sqrt.c                        0x00000000   Number         0  sqrt_x.o ABSOLUTE
    ..\..\Libraries\drives\src\KEA128_adc.c  0x00000000   Number         0  kea128_adc.o ABSOLUTE
    ..\..\Libraries\drives\src\KEA128_flash.c 0x00000000   Number         0  kea128_flash.o ABSOLUTE
    ..\..\Libraries\drives\src\KEA128_ftm.c  0x00000000   Number         0  kea128_ftm.o ABSOLUTE
    ..\..\Libraries\drives\src\KEA128_gpio.c 0x00000000   Number         0  kea128_gpio.o ABSOLUTE
    ..\..\Libraries\drives\src\KEA128_i2c.c  0x00000000   Number         0  kea128_i2c.o ABSOLUTE
    ..\..\Libraries\drives\src\KEA128_irq.c  0x00000000   Number         0  kea128_irq.o ABSOLUTE
    ..\..\Libraries\drives\src\KEA128_kbi.c  0x00000000   Number         0  kea128_kbi.o ABSOLUTE
    ..\..\Libraries\drives\src\KEA128_pit.c  0x00000000   Number         0  kea128_pit.o ABSOLUTE
    ..\..\Libraries\drives\src\KEA128_port.c 0x00000000   Number         0  kea128_port.o ABSOLUTE
    ..\..\Libraries\drives\src\KEA128_spi.c  0x00000000   Number         0  kea128_spi.o ABSOLUTE
    ..\..\Libraries\drives\src\KEA128_systick.c 0x00000000   Number         0  kea128_systick.o ABSOLUTE
    ..\..\Libraries\drives\src\KEA128_uart.c 0x00000000   Number         0  kea128_uart.o ABSOLUTE
    ..\..\Libraries\drives\src\common.c      0x00000000   Number         0  common.o ABSOLUTE
    ..\..\Libraries\drives\src\misc.c        0x00000000   Number         0  misc.o ABSOLUTE
    ..\..\Libraries\seekfree\SEEKFREE_FUN.c  0x00000000   Number         0  seekfree_fun.o ABSOLUTE
    ..\..\Libraries\seekfree\SEEKFREE_IIC.c  0x00000000   Number         0  seekfree_iic.o ABSOLUTE
    ..\..\Libraries\seekfree\SEEKFREE_MPU6050.c 0x00000000   Number         0  seekfree_mpu6050.o ABSOLUTE
    ..\..\Libraries\startup\DeviceSupport\MDK-ARM\startup_SKEAZ1284.s 0x00000000   Number         0  startup_skeaz1284.o ABSOLUTE
    ..\..\Libraries\startup\DeviceSupport\system_SKEAZ1284.c 0x00000000   Number         0  system_skeaz1284.o ABSOLUTE
    ..\PRJ\COMPUTER.c                        0x00000000   Number         0  computer.o ABSOLUTE
    ..\PRJ\angle.c                           0x00000000   Number         0  angle.o ABSOLUTE
    ..\PRJ\control.c                         0x00000000   Number         0  control.o ABSOLUTE
    ..\PRJ\filter.c                          0x00000000   Number         0  filter.o ABSOLUTE
    ..\PRJ\init.c                            0x00000000   Number         0  init.o ABSOLUTE
    ..\PRJ\key.c                             0x00000000   Number         0  key.o ABSOLUTE
    ..\PRJ\master.c                          0x00000000   Number         0  master.o ABSOLUTE
    ..\PRJ\protoco.c                         0x00000000   Number         0  protoco.o ABSOLUTE
    ..\PRJ\speed.c                           0x00000000   Number         0  speed.o ABSOLUTE
    ..\PRJ\turn.c                            0x00000000   Number         0  turn.o ABSOLUTE
    ..\USER\src\isr.c                        0x00000000   Number         0  isr.o ABSOLUTE
    ..\USER\src\main.c                       0x00000000   Number         0  main.o ABSOLUTE
    ..\\..\\Libraries\\drives\\src\\KEA128_adc.c 0x00000000   Number         0  kea128_adc.o ABSOLUTE
    ..\\..\\Libraries\\drives\\src\\KEA128_flash.c 0x00000000   Number         0  kea128_flash.o ABSOLUTE
    ..\\..\\Libraries\\drives\\src\\KEA128_ftm.c 0x00000000   Number         0  kea128_ftm.o ABSOLUTE
    ..\\..\\Libraries\\drives\\src\\KEA128_gpio.c 0x00000000   Number         0  kea128_gpio.o ABSOLUTE
    ..\\..\\Libraries\\drives\\src\\KEA128_i2c.c 0x00000000   Number         0  kea128_i2c.o ABSOLUTE
    ..\\..\\Libraries\\drives\\src\\KEA128_irq.c 0x00000000   Number         0  kea128_irq.o ABSOLUTE
    ..\\..\\Libraries\\drives\\src\\KEA128_kbi.c 0x00000000   Number         0  kea128_kbi.o ABSOLUTE
    ..\\..\\Libraries\\drives\\src\\KEA128_pit.c 0x00000000   Number         0  kea128_pit.o ABSOLUTE
    ..\\..\\Libraries\\drives\\src\\KEA128_port.c 0x00000000   Number         0  kea128_port.o ABSOLUTE
    ..\\..\\Libraries\\drives\\src\\KEA128_spi.c 0x00000000   Number         0  kea128_spi.o ABSOLUTE
    ..\\..\\Libraries\\drives\\src\\KEA128_systick.c 0x00000000   Number         0  kea128_systick.o ABSOLUTE
    ..\\..\\Libraries\\drives\\src\\KEA128_uart.c 0x00000000   Number         0  kea128_uart.o ABSOLUTE
    ..\\..\\Libraries\\drives\\src\\common.c 0x00000000   Number         0  common.o ABSOLUTE
    ..\\..\\Libraries\\drives\\src\\misc.c   0x00000000   Number         0  misc.o ABSOLUTE
    ..\\..\\Libraries\\seekfree\\SEEKFREE_FUN.c 0x00000000   Number         0  seekfree_fun.o ABSOLUTE
    ..\\..\\Libraries\\seekfree\\SEEKFREE_IIC.c 0x00000000   Number         0  seekfree_iic.o ABSOLUTE
    ..\\..\\Libraries\\seekfree\\SEEKFREE_MPU6050.c 0x00000000   Number         0  seekfree_mpu6050.o ABSOLUTE
    ..\\..\\Libraries\\startup\\DeviceSupport\\system_SKEAZ1284.c 0x00000000   Number         0  system_skeaz1284.o ABSOLUTE
    ..\\PRJ\\COMPUTER.c                      0x00000000   Number         0  computer.o ABSOLUTE
    ..\\PRJ\\angle.c                         0x00000000   Number         0  angle.o ABSOLUTE
    ..\\PRJ\\control.c                       0x00000000   Number         0  control.o ABSOLUTE
    ..\\PRJ\\filter.c                        0x00000000   Number         0  filter.o ABSOLUTE
    ..\\PRJ\\init.c                          0x00000000   Number         0  init.o ABSOLUTE
    ..\\PRJ\\key.c                           0x00000000   Number         0  key.o ABSOLUTE
    ..\\PRJ\\master.c                        0x00000000   Number         0  master.o ABSOLUTE
    ..\\PRJ\\protoco.c                       0x00000000   Number         0  protoco.o ABSOLUTE
    ..\\PRJ\\speed.c                         0x00000000   Number         0  speed.o ABSOLUTE
    ..\\PRJ\\turn.c                          0x00000000   Number         0  turn.o ABSOLUTE
    ..\\USER\\src\\isr.c                     0x00000000   Number         0  isr.o ABSOLUTE
    ..\\USER\\src\\main.c                    0x00000000   Number         0  main.o ABSOLUTE
    ..\\my_fun\\my_nrf\\my_nrf.c             0x00000000   Number         0  my_nrf.o ABSOLUTE
    ..\\my_fun\\nvic\\nvic.c                 0x00000000   Number         0  nvic.o ABSOLUTE
    ..\\my_fun\\oled\\codetab.c              0x00000000   Number         0  codetab.o ABSOLUTE
    ..\\my_fun\\oled\\oled_iic.c             0x00000000   Number         0  oled_iic.o ABSOLUTE
    ..\my_fun\my_nrf\my_nrf.c                0x00000000   Number         0  my_nrf.o ABSOLUTE
    ..\my_fun\nvic\nvic.c                    0x00000000   Number         0  nvic.o ABSOLUTE
    ..\my_fun\oled\codetab.c                 0x00000000   Number         0  codetab.o ABSOLUTE
    ..\my_fun\oled\oled_iic.c                0x00000000   Number         0  oled_iic.o ABSOLUTE
    cdcmple.s                                0x00000000   Number         0  cdcmple.o ABSOLUTE
    cdrcmple.s                               0x00000000   Number         0  cdrcmple.o ABSOLUTE
    cfcmple.s                                0x00000000   Number         0  cfcmple.o ABSOLUTE
    cfrcmple.s                               0x00000000   Number         0  cfrcmple.o ABSOLUTE
    dc.s                                     0x00000000   Number         0  dc.o ABSOLUTE
    handlers.s                               0x00000000   Number         0  handlers.o ABSOLUTE
    init.s                                   0x00000000   Number         0  init.o ABSOLUTE
    .ARM.Collect$$$$00000000                 0x000000c0   Section        0  entry.o(.ARM.Collect$$$$00000000)
    .ARM.Collect$$$$00000001                 0x000000c0   Section        4  entry2.o(.ARM.Collect$$$$00000001)
    .ARM.Collect$$$$00000004                 0x000000c4   Section        4  entry5.o(.ARM.Collect$$$$00000004)
    .ARM.Collect$$$$00000008                 0x000000c8   Section        0  entry7b.o(.ARM.Collect$$$$00000008)
    .ARM.Collect$$$$0000000A                 0x000000c8   Section        0  entry8b.o(.ARM.Collect$$$$0000000A)
    .ARM.Collect$$$$0000000B                 0x000000c8   Section        8  entry9a.o(.ARM.Collect$$$$0000000B)
    .ARM.Collect$$$$0000000D                 0x000000d0   Section        0  entry10a.o(.ARM.Collect$$$$0000000D)
    .ARM.Collect$$$$0000000F                 0x000000d0   Section        0  entry11a.o(.ARM.Collect$$$$0000000F)
    .ARM.Collect$$$$00002712                 0x000000d0   Section        4  entry2.o(.ARM.Collect$$$$00002712)
    __lit__00000000                          0x000000d0   Data           4  entry2.o(.ARM.Collect$$$$00002712)
    .text                                    0x000000d4   Section       40  startup_skeaz1284.o(.text)
    .text                                    0x000000fc   Section        0  uidiv.o(.text)
    .text                                    0x00000128   Section        0  idiv.o(.text)
    .text                                    0x00000150   Section        0  memcpya.o(.text)
    .text                                    0x00000174   Section        0  memseta.o(.text)
    .text                                    0x00000198   Section        0  fadd.o(.text)
    .text                                    0x0000024a   Section        0  fmul.o(.text)
    .text                                    0x000002c4   Section        0  fdiv.o(.text)
    .text                                    0x00000340   Section        0  fflti.o(.text)
    .text                                    0x00000356   Section        0  ffltui.o(.text)
    .text                                    0x00000364   Section        0  dflti.o(.text)
    .text                                    0x0000038c   Section        0  dfltui.o(.text)
    .text                                    0x000003a8   Section        0  ffixi.o(.text)
    .text                                    0x000003dc   Section       20  cfcmple.o(.text)
    .text                                    0x000003f0   Section        0  iusefp.o(.text)
    i.__scatterload_copy                     0x000003f0   Section       14  handlers.o(i.__scatterload_copy)
    i.__scatterload_null                     0x000003fe   Section        2  handlers.o(i.__scatterload_null)
    .ARM.__at_0x400                          0x00000400   Section       16  startup_skeaz1284.o(.ARM.__at_0x400)
    .text                                    0x00000410   Section        0  dadd.o(.text)
    .text                                    0x00000574   Section        0  dmul.o(.text)
    .text                                    0x00000644   Section        0  ddiv.o(.text)
    .text                                    0x00000734   Section        0  ffixui.o(.text)
    .text                                    0x0000075c   Section        0  dfixi.o(.text)
    .text                                    0x000007a4   Section        0  f2d.o(.text)
    .text                                    0x000007cc   Section       40  cdcmple.o(.text)
    .text                                    0x000007f4   Section       40  cdrcmple.o(.text)
    .text                                    0x0000081c   Section        0  d2f.o(.text)
    .text                                    0x00000854   Section       20  cfrcmple.o(.text)
    .text                                    0x00000868   Section        0  llshl.o(.text)
    .text                                    0x00000888   Section        0  llushr.o(.text)
    .text                                    0x000008aa   Section        0  llsshr.o(.text)
    .text                                    0x000008d0   Section        0  fepilogue.o(.text)
    .text                                    0x00000952   Section        0  depilogue.o(.text)
    .text                                    0x00000a10   Section        0  dsqrt.o(.text)
    .text                                    0x00000ab4   Section       36  init.o(.text)
    .text                                    0x00000ad8   Section        0  __dczerorl2.o(.text)
    i.ALL_INIT                               0x00000b30   Section        0  init.o(i.ALL_INIT)
    i.CRC_CHECK                              0x00000bfc   Section        0  protoco.o(i.CRC_CHECK)
    CRC_CHECK                                0x00000bfd   Thumb Code    58  protoco.o(i.CRC_CHECK)
    i.DISPLAY                                0x00000c40   Section        0  control.o(i.DISPLAY)
    i.FLASH_EraseSector                      0x00000cf0   Section        0  kea128_flash.o(i.FLASH_EraseSector)
    i.FLASH_Init                             0x00000d20   Section        0  kea128_flash.o(i.FLASH_Init)
    i.FLASH_WriteSector                      0x00000d6c   Section        0  kea128_flash.o(i.FLASH_WriteSector)
    i.FlashCmdStart                          0x00000ddc   Section        0  kea128_flash.o(i.FlashCmdStart)
    i.GetData                                0x00000e18   Section        0  seekfree_mpu6050.o(i.GetData)
    i.Get_AccData                            0x00000e40   Section        0  seekfree_mpu6050.o(i.Get_AccData)
    i.Get_Gyro                               0x00000e74   Section        0  seekfree_mpu6050.o(i.Get_Gyro)
    i.I2C_SendACK                            0x00000ea8   Section        0  seekfree_iic.o(i.I2C_SendACK)
    i.IIC_Start                              0x00000ee8   Section        0  oled_iic.o(i.IIC_Start)
    i.IIC_Stop                               0x00000f0c   Section        0  oled_iic.o(i.IIC_Stop)
    i.IIC_Wait_Ack                           0x00000f28   Section        0  oled_iic.o(i.IIC_Wait_Ack)
    i.IIC_init                               0x00000f3c   Section        0  seekfree_iic.o(i.IIC_init)
    i.IIC_start                              0x00000f60   Section        0  seekfree_iic.o(i.IIC_start)
    i.IIC_stop                               0x00000f8c   Section        0  seekfree_iic.o(i.IIC_stop)
    i.IRQ_IRQHandler                         0x00000fbc   Section        0  isr.o(i.IRQ_IRQHandler)
    i.InitMPU6050                            0x00000fd0   Section        0  seekfree_mpu6050.o(i.InitMPU6050)
    i.KBI0_IRQHandler                        0x00001054   Section        0  isr.o(i.KBI0_IRQHandler)
    i.KEY_SCAN                               0x00001068   Section        0  key.o(i.KEY_SCAN)
    i.NVIC_Conf                              0x000015a4   Section        0  nvic.o(i.NVIC_Conf)
    i.NVIC_SetPriority                       0x000015c0   Section        0  nvic.o(i.NVIC_SetPriority)
    NVIC_SetPriority                         0x000015c1   Thumb Code   110  nvic.o(i.NVIC_SetPriority)
    i.OLED_Clear                             0x00001638   Section        0  oled_iic.o(i.OLED_Clear)
    i.OLED_Conf                              0x00001676   Section        0  oled_iic.o(i.OLED_Conf)
    i.OLED_MY_ShowNum                        0x0000176c   Section        0  oled_iic.o(i.OLED_MY_ShowNum)
    i.OLED_SET_Pos                           0x000017f0   Section        0  oled_iic.o(i.OLED_SET_Pos)
    i.OLED_ShowChar                          0x0000181c   Section        0  oled_iic.o(i.OLED_ShowChar)
    i.OLED_ShowNum                           0x000018b8   Section        0  oled_iic.o(i.OLED_ShowNum)
    i.OLED_ShowString                        0x0000194a   Section        0  oled_iic.o(i.OLED_ShowString)
    i.OLED_WR_Byte                           0x00001982   Section        0  oled_iic.o(i.OLED_WR_Byte)
    i.OutPut_Data                            0x0000199c   Section        0  protoco.o(i.OutPut_Data)
    i.PIT_CH0_IRQHandler                     0x00001a58   Section        0  isr.o(i.PIT_CH0_IRQHandler)
    i.QingHua_AngleCalaulate                 0x00001a70   Section        0  filter.o(i.QingHua_AngleCalaulate)
    i.READ_8_DATA                            0x00001ae8   Section        0  control.o(i.READ_8_DATA)
    i.SCCB_WaitAck                           0x00001b40   Section        0  seekfree_iic.o(i.SCCB_WaitAck)
    SCCB_WaitAck                             0x00001b41   Thumb Code    88  seekfree_iic.o(i.SCCB_WaitAck)
    i.Start                                  0x00001b98   Section        0  system_skeaz1284.o(i.Start)
    i.WRITE_8_DATA                           0x00001bf0   Section        0  control.o(i.WRITE_8_DATA)
    i.Write_IIC_Byte                         0x00001c68   Section        0  oled_iic.o(i.Write_IIC_Byte)
    i.Write_IIC_Command                      0x00001cb4   Section        0  oled_iic.o(i.Write_IIC_Command)
    i.Write_IIC_Data                         0x00001ce0   Section        0  oled_iic.o(i.Write_IIC_Data)
    i.__ARM_clz                              0x00001d0c   Section        0  depilogue.o(i.__ARM_clz)
    i.__ARM_common_switch8                   0x00001d3a   Section        0  kea128_ftm.o(i.__ARM_common_switch8)
    i.__scatterload_zeroinit                 0x00001d56   Section       14  handlers.o(i.__scatterload_zeroinit)
    i.__set_errno                            0x00001d64   Section        0  errno.o(i.__set_errno)
    i.adc_init                               0x00001d70   Section        0  kea128_adc.o(i.adc_init)
    i.adc_once                               0x00001d98   Section        0  kea128_adc.o(i.adc_once)
    i.angle_get                              0x00001dd0   Section        0  angle.o(i.angle_get)
    i.disable_wdog                           0x00001eb8   Section        0  system_skeaz1284.o(i.disable_wdog)
    i.duty_5ms                               0x00001ed0   Section        0  control.o(i.duty_5ms)
    i.duty_angle                             0x00001f28   Section        0  angle.o(i.duty_angle)
    i.duty_pwm                               0x00001f88   Section        0  control.o(i.duty_pwm)
    i.duty_speed                             0x00002160   Section        0  speed.o(i.duty_speed)
    i.duty_turn                              0x00002500   Section        0  turn.o(i.duty_turn)
    i.ftm_count_clean                        0x00002560   Section        0  kea128_ftm.o(i.ftm_count_clean)
    i.ftm_count_get                          0x00002570   Section        0  kea128_ftm.o(i.ftm_count_get)
    i.ftm_count_init                         0x00002584   Section        0  kea128_ftm.o(i.ftm_count_init)
    i.ftm_count_mux                          0x000025c0   Section        0  kea128_ftm.o(i.ftm_count_mux)
    i.ftm_pwm_duty                           0x00002670   Section        0  kea128_ftm.o(i.ftm_pwm_duty)
    i.ftm_pwm_init                           0x000026ec   Section        0  kea128_ftm.o(i.ftm_pwm_init)
    i.ftm_pwm_mux                            0x00002810   Section        0  kea128_ftm.o(i.ftm_pwm_mux)
    i.get_clk                                0x00002944   Section        0  common.o(i.get_clk)
    i.get_track                              0x00002a10   Section        0  turn.o(i.get_track)
    i.gpio_ddr                               0x00002da4   Section        0  kea128_gpio.o(i.gpio_ddr)
    i.gpio_get                               0x00002e4c   Section        0  kea128_gpio.o(i.gpio_get)
    i.gpio_init                              0x00002e78   Section        0  kea128_gpio.o(i.gpio_init)
    i.gpio_set                               0x00002f4c   Section        0  kea128_gpio.o(i.gpio_set)
    i.main                                   0x00002f90   Section        0  main.o(i.main)
    i.max_sort                               0x000030a8   Section        0  seekfree_fun.o(i.max_sort)
    i.min_sort                               0x000030ce   Section        0  seekfree_fun.o(i.min_sort)
    i.oled_pow                               0x000030f4   Section        0  oled_iic.o(i.oled_pow)
    i.pit_init                               0x00003110   Section        0  kea128_pit.o(i.pit_init)
    i.prot_pull                              0x00003168   Section        0  kea128_port.o(i.prot_pull)
    i.read_ch                                0x000031b8   Section        0  seekfree_iic.o(i.read_ch)
    i.send_ch                                0x00003230   Section        0  seekfree_iic.o(i.send_ch)
    i.simiic_delay                           0x0000327e   Section        0  seekfree_iic.o(i.simiic_delay)
    i.simiic_read_reg                        0x0000328e   Section        0  seekfree_iic.o(i.simiic_read_reg)
    i.simiic_write_reg                       0x000032cc   Section        0  seekfree_iic.o(i.simiic_write_reg)
    i.sqrt                                   0x000032f4   Section        0  sqrt.o(i.sqrt)
    i.systick_delay                          0x0000333c   Section        0  kea128_systick.o(i.systick_delay)
    i.systick_delay_ms                       0x0000336c   Section        0  kea128_systick.o(i.systick_delay_ms)
    i.systick_delay_us                       0x00003388   Section        0  kea128_systick.o(i.systick_delay_us)
    i.uart_init                              0x000033a0   Section        0  kea128_uart.o(i.uart_init)
    i.uart_mux                               0x00003458   Section        0  kea128_uart.o(i.uart_mux)
    i.uart_putchar                           0x000034c8   Section        0  kea128_uart.o(i.uart_putchar)
    .constdata                               0x000034e8   Section       22  common.o(.constdata)
    .constdata                               0x00003500   Section       12  kea128_ftm.o(.constdata)
    FTMX                                     0x00003500   Data          12  kea128_ftm.o(.constdata)
    .constdata                               0x0000350c   Section       12  kea128_gpio.o(.constdata)
    GPIOX                                    0x0000350c   Data          12  kea128_gpio.o(.constdata)
    .constdata                               0x00003518   Section     8344  codetab.o(.constdata)
    .data                                    0x1ffff000   Section       16  common.o(.data)
    .data                                    0x1ffff010   Section       20  kea128_flash.o(.data)
    .data                                    0x1ffff024   Section        6  kea128_ftm.o(.data)
    .data                                    0x1ffff02c   Section       12  kea128_uart.o(.data)
    .data                                    0x1ffff038   Section       12  seekfree_mpu6050.o(.data)
    .data                                    0x1ffff044   Section       22  control.o(.data)
    .data                                    0x1ffff05c   Section      104  filter.o(.data)
    P                                        0x1ffff06c   Data          16  filter.o(.data)
    q_bias                                   0x1ffff07c   Data           4  filter.o(.data)
    angle_err                                0x1ffff080   Data           4  filter.o(.data)
    PCt_0                                    0x1ffff084   Data           4  filter.o(.data)
    PCt_1                                    0x1ffff088   Data           4  filter.o(.data)
    E                                        0x1ffff08c   Data           4  filter.o(.data)
    K_0                                      0x1ffff090   Data           4  filter.o(.data)
    K_1                                      0x1ffff094   Data           4  filter.o(.data)
    t_0                                      0x1ffff098   Data           4  filter.o(.data)
    t_1                                      0x1ffff09c   Data           4  filter.o(.data)
    .data                                    0x1ffff0c4   Section        8  protoco.o(.data)
    .data                                    0x1ffff0cc   Section       36  angle.o(.data)
    .data                                    0x1ffff0f0   Section       52  speed.o(.data)
    .data                                    0x1ffff124   Section       40  turn.o(.data)
    .data                                    0x1ffff14c   Section        6  key.o(.data)
    .data                                    0x1ffff154   Section        4  errno.o(.data)
    _errno                                   0x1ffff154   Data           4  errno.o(.data)
    .bss                                     0x1ffff158   Section       44  turn.o(.bss)
    STACK                                    0x1ffff188   Section     1280  startup_skeaz1284.o(STACK)

    Global Symbols

    Symbol Name                              Value     Ov Type        Size  Object(Section)

    BuildAttributes$$THM_ISAv3M$S$PE$A:L22$X:L11$S22$IEEE1$IW$USESV6$~STKCKD$USESV7$~SHL$OTIME$ROPI$IEEEX$EBA8$MICROLIB$REQ8$PRES8$EABIv2 0x00000000   Number         0  anon$$obj.o ABSOLUTE
    __ARM_use_no_argv                        0x00000000   Number         0  main.o ABSOLUTE
    __Vectors                                0x00000000   Data           4  startup_skeaz1284.o(RESET)
    __cpp_initialize__aeabi_                  - Undefined Weak Reference
    __cxa_finalize                            - Undefined Weak Reference
    _clock_init                               - Undefined Weak Reference
    _microlib_exit                            - Undefined Weak Reference
    __Vectors_End                            0x000000c0   Data           0  startup_skeaz1284.o(RESET)
    __Vectors_Size                           0x000000c0   Number         0  startup_skeaz1284.o ABSOLUTE
    __main                                   0x000000c1   Thumb Code     0  entry.o(.ARM.Collect$$$$00000000)
    _main_stk                                0x000000c1   Thumb Code     0  entry2.o(.ARM.Collect$$$$00000001)
    _main_scatterload                        0x000000c5   Thumb Code     0  entry5.o(.ARM.Collect$$$$00000004)
    __main_after_scatterload                 0x000000c9   Thumb Code     0  entry5.o(.ARM.Collect$$$$00000004)
    _main_clock                              0x000000c9   Thumb Code     0  entry7b.o(.ARM.Collect$$$$00000008)
    _main_cpp_init                           0x000000c9   Thumb Code     0  entry8b.o(.ARM.Collect$$$$0000000A)
    _main_init                               0x000000c9   Thumb Code     0  entry9a.o(.ARM.Collect$$$$0000000B)
    __rt_final_cpp                           0x000000d1   Thumb Code     0  entry10a.o(.ARM.Collect$$$$0000000D)
    __rt_final_exit                          0x000000d1   Thumb Code     0  entry11a.o(.ARM.Collect$$$$0000000F)
    init_data_bss                            0x000000d5   Thumb Code     2  startup_skeaz1284.o(.text)
    Reset_Handler                            0x000000d7   Thumb Code    12  startup_skeaz1284.o(.text)
    NMI_Handler                              0x000000e3   Thumb Code     2  startup_skeaz1284.o(.text)
    HardFault_Handler                        0x000000e5   Thumb Code     2  startup_skeaz1284.o(.text)
    SVC_Handler                              0x000000e7   Thumb Code     2  startup_skeaz1284.o(.text)
    PendSV_Handler                           0x000000e9   Thumb Code     2  startup_skeaz1284.o(.text)
    SysTick_Handler                          0x000000eb   Thumb Code     2  startup_skeaz1284.o(.text)
    ACMP0_IRQHandler                         0x000000ed   Thumb Code     0  startup_skeaz1284.o(.text)
    ACMP1_IRQHandler                         0x000000ed   Thumb Code     0  startup_skeaz1284.o(.text)
    ADC_IRQHandler                           0x000000ed   Thumb Code     0  startup_skeaz1284.o(.text)
    DefaultISR                               0x000000ed   Thumb Code     0  startup_skeaz1284.o(.text)
    FTM0_IRQHandler                          0x000000ed   Thumb Code     0  startup_skeaz1284.o(.text)
    FTM1_IRQHandler                          0x000000ed   Thumb Code     0  startup_skeaz1284.o(.text)
    FTM2_IRQHandler                          0x000000ed   Thumb Code     0  startup_skeaz1284.o(.text)
    FTMRE_IRQHandler                         0x000000ed   Thumb Code     0  startup_skeaz1284.o(.text)
    I2C0_IRQHandler                          0x000000ed   Thumb Code     0  startup_skeaz1284.o(.text)
    I2C1_IRQHandler                          0x000000ed   Thumb Code     0  startup_skeaz1284.o(.text)
    ICS_IRQHandler                           0x000000ed   Thumb Code     0  startup_skeaz1284.o(.text)
    KBI1_IRQHandler                          0x000000ed   Thumb Code     0  startup_skeaz1284.o(.text)
    MSCAN_RX_IRQHandler                      0x000000ed   Thumb Code     0  startup_skeaz1284.o(.text)
    MSCAN_TX_IRQHandler                      0x000000ed   Thumb Code     0  startup_skeaz1284.o(.text)
    PIT_CH1_IRQHandler                       0x000000ed   Thumb Code     0  startup_skeaz1284.o(.text)
    PMC_IRQHandler                           0x000000ed   Thumb Code     0  startup_skeaz1284.o(.text)
    PWT_IRQHandler                           0x000000ed   Thumb Code     0  startup_skeaz1284.o(.text)
    RTC_IRQHandler                           0x000000ed   Thumb Code     0  startup_skeaz1284.o(.text)
    Reserved16_IRQHandler                    0x000000ed   Thumb Code     0  startup_skeaz1284.o(.text)
    Reserved17_IRQHandler                    0x000000ed   Thumb Code     0  startup_skeaz1284.o(.text)
    Reserved18_IRQHandler                    0x000000ed   Thumb Code     0  startup_skeaz1284.o(.text)
    Reserved19_IRQHandler                    0x000000ed   Thumb Code     0  startup_skeaz1284.o(.text)
    Reserved20_IRQHandler                    0x000000ed   Thumb Code     0  startup_skeaz1284.o(.text)
    Reserved42_IRQHandler                    0x000000ed   Thumb Code     0  startup_skeaz1284.o(.text)
    SPI0_IRQHandler                          0x000000ed   Thumb Code     0  startup_skeaz1284.o(.text)
    SPI1_IRQHandler                          0x000000ed   Thumb Code     0  startup_skeaz1284.o(.text)
    UART0_IRQHandler                         0x000000ed   Thumb Code     0  startup_skeaz1284.o(.text)
    UART1_IRQHandler                         0x000000ed   Thumb Code     0  startup_skeaz1284.o(.text)
    UART2_IRQHandler                         0x000000ed   Thumb Code     0  startup_skeaz1284.o(.text)
    WDOG_IRQHandler                          0x000000ed   Thumb Code     0  startup_skeaz1284.o(.text)
    __aeabi_uidiv                            0x000000fd   Thumb Code     0  uidiv.o(.text)
    __aeabi_uidivmod                         0x000000fd   Thumb Code    44  uidiv.o(.text)
    __aeabi_idiv                             0x00000129   Thumb Code     0  idiv.o(.text)
    __aeabi_idivmod                          0x00000129   Thumb Code    40  idiv.o(.text)
    __aeabi_memcpy                           0x00000151   Thumb Code    36  memcpya.o(.text)
    __aeabi_memcpy4                          0x00000151   Thumb Code     0  memcpya.o(.text)
    __aeabi_memcpy8                          0x00000151   Thumb Code     0  memcpya.o(.text)
    __aeabi_memset                           0x00000175   Thumb Code    14  memseta.o(.text)
    __aeabi_memset4                          0x00000175   Thumb Code     0  memseta.o(.text)
    __aeabi_memset8                          0x00000175   Thumb Code     0  memseta.o(.text)
    __aeabi_memclr                           0x00000183   Thumb Code     4  memseta.o(.text)
    __aeabi_memclr4                          0x00000183   Thumb Code     0  memseta.o(.text)
    __aeabi_memclr8                          0x00000183   Thumb Code     0  memseta.o(.text)
    _memset$wrapper                          0x00000187   Thumb Code    18  memseta.o(.text)
    __aeabi_fadd                             0x00000199   Thumb Code   162  fadd.o(.text)
    __aeabi_fsub                             0x0000023b   Thumb Code     8  fadd.o(.text)
    __aeabi_frsub                            0x00000243   Thumb Code     8  fadd.o(.text)
    __aeabi_fmul                             0x0000024b   Thumb Code   122  fmul.o(.text)
    __aeabi_fdiv                             0x000002c5   Thumb Code   124  fdiv.o(.text)
    __aeabi_i2f                              0x00000341   Thumb Code    22  fflti.o(.text)
    __aeabi_ui2f                             0x00000357   Thumb Code    14  ffltui.o(.text)
    __aeabi_i2d                              0x00000365   Thumb Code    34  dflti.o(.text)
    __aeabi_ui2d                             0x0000038d   Thumb Code    24  dfltui.o(.text)
    __aeabi_f2iz                             0x000003a9   Thumb Code    50  ffixi.o(.text)
    __aeabi_cfcmpeq                          0x000003dd   Thumb Code     0  cfcmple.o(.text)
    __aeabi_cfcmple                          0x000003dd   Thumb Code    20  cfcmple.o(.text)
    __I$use$fp                               0x000003f1   Thumb Code     0  iusefp.o(.text)
    __scatterload_copy                       0x000003f1   Thumb Code    14  handlers.o(i.__scatterload_copy)
    __scatterload_null                       0x000003ff   Thumb Code     2  handlers.o(i.__scatterload_null)
    __aeabi_dadd                             0x00000411   Thumb Code   328  dadd.o(.text)
    __aeabi_dsub                             0x00000559   Thumb Code    12  dadd.o(.text)
    __aeabi_drsub                            0x00000565   Thumb Code    12  dadd.o(.text)
    __aeabi_dmul                             0x00000575   Thumb Code   202  dmul.o(.text)
    __aeabi_ddiv                             0x00000645   Thumb Code   234  ddiv.o(.text)
    __aeabi_f2uiz                            0x00000735   Thumb Code    40  ffixui.o(.text)
    __aeabi_d2iz                             0x0000075d   Thumb Code    62  dfixi.o(.text)
    __aeabi_f2d                              0x000007a5   Thumb Code    40  f2d.o(.text)
    __aeabi_cdcmpeq                          0x000007cd   Thumb Code     0  cdcmple.o(.text)
    __aeabi_cdcmple                          0x000007cd   Thumb Code    38  cdcmple.o(.text)
    __aeabi_cdrcmple                         0x000007f5   Thumb Code    38  cdrcmple.o(.text)
    __aeabi_d2f                              0x0000081d   Thumb Code    56  d2f.o(.text)
    __aeabi_cfrcmple                         0x00000855   Thumb Code    20  cfrcmple.o(.text)
    __aeabi_llsl                             0x00000869   Thumb Code    32  llshl.o(.text)
    _ll_shift_l                              0x00000869   Thumb Code     0  llshl.o(.text)
    __aeabi_llsr                             0x00000889   Thumb Code    34  llushr.o(.text)
    _ll_ushift_r                             0x00000889   Thumb Code     0  llushr.o(.text)
    __aeabi_lasr                             0x000008ab   Thumb Code    38  llsshr.o(.text)
    _ll_sshift_r                             0x000008ab   Thumb Code     0  llsshr.o(.text)
    _float_round                             0x000008d1   Thumb Code    16  fepilogue.o(.text)
    _float_epilogue                          0x000008e1   Thumb Code   114  fepilogue.o(.text)
    _double_round                            0x00000953   Thumb Code    26  depilogue.o(.text)
    _double_epilogue                         0x0000096d   Thumb Code   164  depilogue.o(.text)
    _dsqrt                                   0x00000a11   Thumb Code   162  dsqrt.o(.text)
    __scatterload                            0x00000ab5   Thumb Code    28  init.o(.text)
    __scatterload_rt2                        0x00000ab5   Thumb Code     0  init.o(.text)
    __decompress                             0x00000ad9   Thumb Code     0  __dczerorl2.o(.text)
    __decompress1                            0x00000ad9   Thumb Code    86  __dczerorl2.o(.text)
    ALL_INIT                                 0x00000b31   Thumb Code   196  init.o(i.ALL_INIT)
    DISPLAY                                  0x00000c41   Thumb Code   112  control.o(i.DISPLAY)
    FLASH_EraseSector                        0x00000cf1   Thumb Code    42  kea128_flash.o(i.FLASH_EraseSector)
    FLASH_Init                               0x00000d21   Thumb Code    62  kea128_flash.o(i.FLASH_Init)
    FLASH_WriteSector                        0x00000d6d   Thumb Code   108  kea128_flash.o(i.FLASH_WriteSector)
    FlashCmdStart                            0x00000ddd   Thumb Code    46  kea128_flash.o(i.FlashCmdStart)
    GetData                                  0x00000e19   Thumb Code    38  seekfree_mpu6050.o(i.GetData)
    Get_AccData                              0x00000e41   Thumb Code    40  seekfree_mpu6050.o(i.Get_AccData)
    Get_Gyro                                 0x00000e75   Thumb Code    40  seekfree_mpu6050.o(i.Get_Gyro)
    I2C_SendACK                              0x00000ea9   Thumb Code    64  seekfree_iic.o(i.I2C_SendACK)
    IIC_Start                                0x00000ee9   Thumb Code    36  oled_iic.o(i.IIC_Start)
    IIC_Stop                                 0x00000f0d   Thumb Code    28  oled_iic.o(i.IIC_Stop)
    IIC_Wait_Ack                             0x00000f29   Thumb Code    20  oled_iic.o(i.IIC_Wait_Ack)
    IIC_init                                 0x00000f3d   Thumb Code    36  seekfree_iic.o(i.IIC_init)
    IIC_start                                0x00000f61   Thumb Code    44  seekfree_iic.o(i.IIC_start)
    IIC_stop                                 0x00000f8d   Thumb Code    48  seekfree_iic.o(i.IIC_stop)
    IRQ_IRQHandler                           0x00000fbd   Thumb Code    14  isr.o(i.IRQ_IRQHandler)
    InitMPU6050                              0x00000fd1   Thumb Code   130  seekfree_mpu6050.o(i.InitMPU6050)
    KBI0_IRQHandler                          0x00001055   Thumb Code    14  isr.o(i.KBI0_IRQHandler)
    KEY_SCAN                                 0x00001069   Thumb Code  1320  key.o(i.KEY_SCAN)
    NVIC_Conf                                0x000015a5   Thumb Code    28  nvic.o(i.NVIC_Conf)
    OLED_Clear                               0x00001639   Thumb Code    62  oled_iic.o(i.OLED_Clear)
    OLED_Conf                                0x00001677   Thumb Code   246  oled_iic.o(i.OLED_Conf)
    OLED_MY_ShowNum                          0x0000176d   Thumb Code   128  oled_iic.o(i.OLED_MY_ShowNum)
    OLED_SET_Pos                             0x000017f1   Thumb Code    44  oled_iic.o(i.OLED_SET_Pos)
    OLED_ShowChar                            0x0000181d   Thumb Code   148  oled_iic.o(i.OLED_ShowChar)
    OLED_ShowNum                             0x000018b9   Thumb Code   146  oled_iic.o(i.OLED_ShowNum)
    OLED_ShowString                          0x0000194b   Thumb Code    56  oled_iic.o(i.OLED_ShowString)
    OLED_WR_Byte                             0x00001983   Thumb Code    26  oled_iic.o(i.OLED_WR_Byte)
    OutPut_Data                              0x0000199d   Thumb Code   184  protoco.o(i.OutPut_Data)
    PIT_CH0_IRQHandler                       0x00001a59   Thumb Code    20  isr.o(i.PIT_CH0_IRQHandler)
    QingHua_AngleCalaulate                   0x00001a71   Thumb Code   102  filter.o(i.QingHua_AngleCalaulate)
    READ_8_DATA                              0x00001ae9   Thumb Code    62  control.o(i.READ_8_DATA)
    Start                                    0x00001b99   Thumb Code    76  system_skeaz1284.o(i.Start)
    WRITE_8_DATA                             0x00001bf1   Thumb Code    94  control.o(i.WRITE_8_DATA)
    Write_IIC_Byte                           0x00001c69   Thumb Code    76  oled_iic.o(i.Write_IIC_Byte)
    Write_IIC_Command                        0x00001cb5   Thumb Code    44  oled_iic.o(i.Write_IIC_Command)
    Write_IIC_Data                           0x00001ce1   Thumb Code    44  oled_iic.o(i.Write_IIC_Data)
    __ARM_clz                                0x00001d0d   Thumb Code    46  depilogue.o(i.__ARM_clz)
    __ARM_common_switch8                     0x00001d3b   Thumb Code    28  kea128_ftm.o(i.__ARM_common_switch8)
    __scatterload_zeroinit                   0x00001d57   Thumb Code    14  handlers.o(i.__scatterload_zeroinit)
    __set_errno                              0x00001d65   Thumb Code     6  errno.o(i.__set_errno)
    adc_init                                 0x00001d71   Thumb Code    30  kea128_adc.o(i.adc_init)
    adc_once                                 0x00001d99   Thumb Code    50  kea128_adc.o(i.adc_once)
    angle_get                                0x00001dd1   Thumb Code   176  angle.o(i.angle_get)
    disable_wdog                             0x00001eb9   Thumb Code    16  system_skeaz1284.o(i.disable_wdog)
    duty_5ms                                 0x00001ed1   Thumb Code    80  control.o(i.duty_5ms)
    duty_angle                               0x00001f29   Thumb Code    70  angle.o(i.duty_angle)
    duty_pwm                                 0x00001f89   Thumb Code   416  control.o(i.duty_pwm)
    duty_speed                               0x00002161   Thumb Code   820  speed.o(i.duty_speed)
    duty_turn                                0x00002501   Thumb Code    70  turn.o(i.duty_turn)
    ftm_count_clean                          0x00002561   Thumb Code    12  kea128_ftm.o(i.ftm_count_clean)
    ftm_count_get                            0x00002571   Thumb Code    14  kea128_ftm.o(i.ftm_count_get)
    ftm_count_init                           0x00002585   Thumb Code    54  kea128_ftm.o(i.ftm_count_init)
    ftm_count_mux                            0x000025c1   Thumb Code   166  kea128_ftm.o(i.ftm_count_mux)
    ftm_pwm_duty                             0x00002671   Thumb Code   114  kea128_ftm.o(i.ftm_pwm_duty)
    ftm_pwm_init                             0x000026ed   Thumb Code   278  kea128_ftm.o(i.ftm_pwm_init)
    ftm_pwm_mux                              0x00002811   Thumb Code   302  kea128_ftm.o(i.ftm_pwm_mux)
    get_clk                                  0x00002945   Thumb Code   170  common.o(i.get_clk)
    get_track                                0x00002a11   Thumb Code   844  turn.o(i.get_track)
    gpio_ddr                                 0x00002da5   Thumb Code   162  kea128_gpio.o(i.gpio_ddr)
    gpio_get                                 0x00002e4d   Thumb Code    40  kea128_gpio.o(i.gpio_get)
    gpio_init                                0x00002e79   Thumb Code   208  kea128_gpio.o(i.gpio_init)
    gpio_set                                 0x00002f4d   Thumb Code    64  kea128_gpio.o(i.gpio_set)
    main                                     0x00002f91   Thumb Code   220  main.o(i.main)
    max_sort                                 0x000030a9   Thumb Code    38  seekfree_fun.o(i.max_sort)
    min_sort                                 0x000030cf   Thumb Code    38  seekfree_fun.o(i.min_sort)
    oled_pow                                 0x000030f5   Thumb Code    26  oled_iic.o(i.oled_pow)
    pit_init                                 0x00003111   Thumb Code    76  kea128_pit.o(i.pit_init)
    prot_pull                                0x00003169   Thumb Code    74  kea128_port.o(i.prot_pull)
    read_ch                                  0x000031b9   Thumb Code   120  seekfree_iic.o(i.read_ch)
    send_ch                                  0x00003231   Thumb Code    78  seekfree_iic.o(i.send_ch)
    simiic_delay                             0x0000327f   Thumb Code    16  seekfree_iic.o(i.simiic_delay)
    simiic_read_reg                          0x0000328f   Thumb Code    62  seekfree_iic.o(i.simiic_read_reg)
    simiic_write_reg                         0x000032cd   Thumb Code    38  seekfree_iic.o(i.simiic_write_reg)
    sqrt                                     0x000032f5   Thumb Code    66  sqrt.o(i.sqrt)
    systick_delay                            0x0000333d   Thumb Code    44  kea128_systick.o(i.systick_delay)
    systick_delay_ms                         0x0000336d   Thumb Code    22  kea128_systick.o(i.systick_delay_ms)
    systick_delay_us                         0x00003389   Thumb Code    22  kea128_systick.o(i.systick_delay_us)
    uart_init                                0x000033a1   Thumb Code   170  kea128_uart.o(i.uart_init)
    uart_mux                                 0x00003459   Thumb Code   106  kea128_uart.o(i.uart_mux)
    uart_putchar                             0x000034c9   Thumb Code    28  kea128_uart.o(i.uart_putchar)
    my_F6x8                                  0x00003518   Data         552  codetab.o(.constdata)
    my_F8X16                                 0x00003740   Data        1520  codetab.o(.constdata)
    ascii_1206                               0x00003d30   Data        1140  codetab.o(.constdata)
    ascii_1608                               0x000041a4   Data        1520  codetab.o(.constdata)
    ascii_2412                               0x00004794   Data        3420  codetab.o(.constdata)
    FontHzk                                  0x000054f0   Data         192  codetab.o(.constdata)
    Region$$Table$$Base                      0x000055b0   Number         0  anon$$obj.o(Region$$Table)
    Region$$Table$$Limit                     0x000055d0   Number         0  anon$$obj.o(Region$$Table)
    ics_clk_khz                              0x1ffff000   Data           4  common.o(.data)
    ftm_clk_khz                              0x1ffff004   Data           4  common.o(.data)
    core_clk_khz                             0x1ffff008   Data           4  common.o(.data)
    bus_clk_khz                              0x1ffff00c   Data           4  common.o(.data)
    s_flash_command_run                      0x1ffff010   Data          14  kea128_flash.o(.data)
    s_flash_run_entry                        0x1ffff020   Data           4  kea128_flash.o(.data)
    period                                   0x1ffff024   Data           6  kea128_ftm.o(.data)
    uart                                     0x1ffff02c   Data          12  kea128_uart.o(.data)
    mpu_gyro_x                               0x1ffff038   Data           2  seekfree_mpu6050.o(.data)
    mpu_gyro_y                               0x1ffff03a   Data           2  seekfree_mpu6050.o(.data)
    mpu_gyro_z                               0x1ffff03c   Data           2  seekfree_mpu6050.o(.data)
    mpu_acc_x                                0x1ffff03e   Data           2  seekfree_mpu6050.o(.data)
    mpu_acc_y                                0x1ffff040   Data           2  seekfree_mpu6050.o(.data)
    mpu_acc_z                                0x1ffff042   Data           2  seekfree_mpu6050.o(.data)
    Debug_Mode                               0x1ffff044   Data           1  control.o(.data)
    cnt                                      0x1ffff045   Data           1  control.o(.data)
    PWM_L                                    0x1ffff048   Data           4  control.o(.data)
    PWM_R                                    0x1ffff04c   Data           4  control.o(.data)
    PWM                                      0x1ffff050   Data           4  control.o(.data)
    P_A                                      0x1ffff054   Data           1  control.o(.data)
    D_A                                      0x1ffff055   Data           1  control.o(.data)
    P_S                                      0x1ffff056   Data           1  control.o(.data)
    I_S                                      0x1ffff057   Data           1  control.o(.data)
    P_T                                      0x1ffff058   Data           1  control.o(.data)
    D_T                                      0x1ffff059   Data           1  control.o(.data)
    g_fCarAngle                              0x1ffff05c   Data           4  filter.o(.data)
    g_fGyroscopeAngleIntegral                0x1ffff060   Data           4  filter.o(.data)
    angle                                    0x1ffff064   Data           4  filter.o(.data)
    angle_dot                                0x1ffff068   Data           4  filter.o(.data)
    AngleX                                   0x1ffff0a0   Data           4  filter.o(.data)
    AngleY                                   0x1ffff0a4   Data           4  filter.o(.data)
    q0                                       0x1ffff0a8   Data           4  filter.o(.data)
    q1                                       0x1ffff0ac   Data           4  filter.o(.data)
    q2                                       0x1ffff0b0   Data           4  filter.o(.data)
    q3                                       0x1ffff0b4   Data           4  filter.o(.data)
    exInt                                    0x1ffff0b8   Data           4  filter.o(.data)
    eyInt                                    0x1ffff0bc   Data           4  filter.o(.data)
    ezInt                                    0x1ffff0c0   Data           4  filter.o(.data)
    OutData                                  0x1ffff0c4   Data           8  protoco.o(.data)
    Gyro                                     0x1ffff0cc   Data           4  angle.o(.data)
    Angle                                    0x1ffff0d0   Data           4  angle.o(.data)
    Angle_Last                               0x1ffff0d4   Data           4  angle.o(.data)
    Gyro_Last                                0x1ffff0d8   Data           4  angle.o(.data)
    Gyro_ago                                 0x1ffff0dc   Data           4  angle.o(.data)
    ANGLE_I                                  0x1ffff0e0   Data           4  angle.o(.data)
    Gyro_Turn                                0x1ffff0e4   Data           4  angle.o(.data)
    PWM_ANGLE_AGO                            0x1ffff0e8   Data           4  angle.o(.data)
    PWM_ANGLE                                0x1ffff0ec   Data           4  angle.o(.data)
    speedL                                   0x1ffff0f0   Data           4  speed.o(.data)
    speedR                                   0x1ffff0f4   Data           4  speed.o(.data)
    speed_error                              0x1ffff0f8   Data           4  speed.o(.data)
    speed_need                               0x1ffff0fc   Data           4  speed.o(.data)
    speed_now                                0x1ffff100   Data           4  speed.o(.data)
    speed_I                                  0x1ffff108   Data           8  speed.o(.data)
    I_MOVE                                   0x1ffff110   Data           4  speed.o(.data)
    PWM_SPEED                                0x1ffff114   Data           4  speed.o(.data)
    PWM_SPEED_OUT                            0x1ffff118   Data           4  speed.o(.data)
    PWM_SPEED_AGO                            0x1ffff11c   Data           4  speed.o(.data)
    MOVE                                     0x1ffff120   Data           4  speed.o(.data)
    adc1                                     0x1ffff124   Data           2  turn.o(.data)
    adc2                                     0x1ffff126   Data           2  turn.o(.data)
    adc3                                     0x1ffff128   Data           2  turn.o(.data)
    max                                      0x1ffff12a   Data           1  turn.o(.data)
    min                                      0x1ffff12b   Data           1  turn.o(.data)
    turn_error                               0x1ffff12c   Data           2  turn.o(.data)
    turn_need                                0x1ffff12e   Data           2  turn.o(.data)
    PWM_TURN                                 0x1ffff130   Data           4  turn.o(.data)
    adc1_max                                 0x1ffff134   Data           4  turn.o(.data)
    adc1_min                                 0x1ffff138   Data           4  turn.o(.data)
    adc2_max                                 0x1ffff13c   Data           4  turn.o(.data)
    adc2_min                                 0x1ffff140   Data           4  turn.o(.data)
    adc3_max                                 0x1ffff144   Data           4  turn.o(.data)
    adc3_min                                 0x1ffff148   Data           4  turn.o(.data)
    abc                                      0x1ffff14c   Data           4  key.o(.data)
    mode                                     0x1ffff150   Data           1  key.o(.data)
    key_flag                                 0x1ffff151   Data           1  key.o(.data)
    adc_value1                               0x1ffff158   Data          10  turn.o(.bss)
    adc_value2                               0x1ffff162   Data          10  turn.o(.bss)
    adc_value3                               0x1ffff16c   Data          10  turn.o(.bss)
    sensor                                   0x1ffff178   Data          12  turn.o(.bss)
    __initial_sp                             0x1ffff688   Data           0  startup_skeaz1284.o(STACK)



==============================================================================

Memory Map of the image

  Image Entry point : 0x000000c1

  Load Region LR_IROM1 (Base: 0x00000000, Size: 0x00005728, Max: 0x00020000, ABSOLUTE, COMPRESSED[0x00005618])

    Execution Region ER_IROM1 (Exec base: 0x00000000, Load base: 0x00000000, Size: 0x000055d0, Max: 0x00020000, ABSOLUTE)

    Exec Addr    Load Addr    Size         Type   Attr      Idx    E Section Name        Object

    0x00000000   0x00000000   0x000000c0   Data   RO            3    RESET               startup_skeaz1284.o
    0x000000c0   0x000000c0   0x00000000   Code   RO         1643  * .ARM.Collect$$$$00000000  mc_p.l(entry.o)
    0x000000c0   0x000000c0   0x00000004   Code   RO         1723    .ARM.Collect$$$$00000001  mc_p.l(entry2.o)
    0x000000c4   0x000000c4   0x00000004   Code   RO         1726    .ARM.Collect$$$$00000004  mc_p.l(entry5.o)
    0x000000c8   0x000000c8   0x00000000   Code   RO         1728    .ARM.Collect$$$$00000008  mc_p.l(entry7b.o)
    0x000000c8   0x000000c8   0x00000000   Code   RO         1730    .ARM.Collect$$$$0000000A  mc_p.l(entry8b.o)
    0x000000c8   0x000000c8   0x00000008   Code   RO         1731    .ARM.Collect$$$$0000000B  mc_p.l(entry9a.o)
    0x000000d0   0x000000d0   0x00000000   Code   RO         1733    .ARM.Collect$$$$0000000D  mc_p.l(entry10a.o)
    0x000000d0   0x000000d0   0x00000000   Code   RO         1735    .ARM.Collect$$$$0000000F  mc_p.l(entry11a.o)
    0x000000d0   0x000000d0   0x00000004   Code   RO         1724    .ARM.Collect$$$$00002712  mc_p.l(entry2.o)
    0x000000d4   0x000000d4   0x00000028   Code   RO            5    .text               startup_skeaz1284.o
    0x000000fc   0x000000fc   0x0000002c   Code   RO         1646    .text               mc_p.l(uidiv.o)
    0x00000128   0x00000128   0x00000028   Code   RO         1648    .text               mc_p.l(idiv.o)
    0x00000150   0x00000150   0x00000024   Code   RO         1650    .text               mc_p.l(memcpya.o)
    0x00000174   0x00000174   0x00000024   Code   RO         1652    .text               mc_p.l(memseta.o)
    0x00000198   0x00000198   0x000000b2   Code   RO         1656    .text               mf_p.l(fadd.o)
    0x0000024a   0x0000024a   0x0000007a   Code   RO         1658    .text               mf_p.l(fmul.o)
    0x000002c4   0x000002c4   0x0000007c   Code   RO         1660    .text               mf_p.l(fdiv.o)
    0x00000340   0x00000340   0x00000016   Code   RO         1668    .text               mf_p.l(fflti.o)
    0x00000356   0x00000356   0x0000000e   Code   RO         1670    .text               mf_p.l(ffltui.o)
    0x00000364   0x00000364   0x00000028   Code   RO         1672    .text               mf_p.l(dflti.o)
    0x0000038c   0x0000038c   0x0000001c   Code   RO         1674    .text               mf_p.l(dfltui.o)
    0x000003a8   0x000003a8   0x00000032   Code   RO         1676    .text               mf_p.l(ffixi.o)
    0x000003da   0x000003da   0x00000002   PAD
    0x000003dc   0x000003dc   0x00000014   Code   RO         1690    .text               mf_p.l(cfcmple.o)
    0x000003f0   0x000003f0   0x00000000   Code   RO         1750    .text               mc_p.l(iusefp.o)
    0x000003f0   0x000003f0   0x0000000e   Code   RO         1765    i.__scatterload_copy  mc_p.l(handlers.o)
    0x000003fe   0x000003fe   0x00000002   Code   RO         1766    i.__scatterload_null  mc_p.l(handlers.o)
    0x00000400   0x00000400   0x00000010   Code   RO            4    .ARM.__at_0x400     startup_skeaz1284.o
    0x00000410   0x00000410   0x00000164   Code   RO         1662    .text               mf_p.l(dadd.o)
    0x00000574   0x00000574   0x000000d0   Code   RO         1664    .text               mf_p.l(dmul.o)
    0x00000644   0x00000644   0x000000f0   Code   RO         1666    .text               mf_p.l(ddiv.o)
    0x00000734   0x00000734   0x00000028   Code   RO         1678    .text               mf_p.l(ffixui.o)
    0x0000075c   0x0000075c   0x00000048   Code   RO         1680    .text               mf_p.l(dfixi.o)
    0x000007a4   0x000007a4   0x00000028   Code   RO         1682    .text               mf_p.l(f2d.o)
    0x000007cc   0x000007cc   0x00000028   Code   RO         1684    .text               mf_p.l(cdcmple.o)
    0x000007f4   0x000007f4   0x00000028   Code   RO         1686    .text               mf_p.l(cdrcmple.o)
    0x0000081c   0x0000081c   0x00000038   Code   RO         1688    .text               mf_p.l(d2f.o)
    0x00000854   0x00000854   0x00000014   Code   RO         1692    .text               mf_p.l(cfrcmple.o)
    0x00000868   0x00000868   0x00000020   Code   RO         1737    .text               mc_p.l(llshl.o)
    0x00000888   0x00000888   0x00000022   Code   RO         1739    .text               mc_p.l(llushr.o)
    0x000008aa   0x000008aa   0x00000026   Code   RO         1741    .text               mc_p.l(llsshr.o)
    0x000008d0   0x000008d0   0x00000082   Code   RO         1751    .text               mf_p.l(fepilogue.o)
    0x00000952   0x00000952   0x000000be   Code   RO         1753    .text               mf_p.l(depilogue.o)
    0x00000a10   0x00000a10   0x000000a2   Code   RO         1759    .text               mf_p.l(dsqrt.o)
    0x00000ab2   0x00000ab2   0x00000002   PAD
    0x00000ab4   0x00000ab4   0x00000024   Code   RO         1761    .text               mc_p.l(init.o)
    0x00000ad8   0x00000ad8   0x00000056   Code   RO         1771    .text               mc_p.l(__dczerorl2.o)
    0x00000b2e   0x00000b2e   0x00000002   PAD
    0x00000b30   0x00000b30   0x000000cc   Code   RO         1380    i.ALL_INIT          init.o
    0x00000bfc   0x00000bfc   0x00000044   Code   RO         1400    i.CRC_CHECK         protoco.o
    0x00000c40   0x00000c40   0x000000b0   Code   RO         1288    i.DISPLAY           control.o
    0x00000cf0   0x00000cf0   0x00000030   Code   RO          267    i.FLASH_EraseSector  kea128_flash.o
    0x00000d20   0x00000d20   0x0000004c   Code   RO          269    i.FLASH_Init        kea128_flash.o
    0x00000d6c   0x00000d6c   0x00000070   Code   RO          270    i.FLASH_WriteSector  kea128_flash.o
    0x00000ddc   0x00000ddc   0x0000003c   Code   RO          271    i.FlashCmdStart     kea128_flash.o
    0x00000e18   0x00000e18   0x00000026   Code   RO          891    i.GetData           seekfree_mpu6050.o
    0x00000e3e   0x00000e3e   0x00000002   PAD
    0x00000e40   0x00000e40   0x00000034   Code   RO          892    i.Get_AccData       seekfree_mpu6050.o
    0x00000e74   0x00000e74   0x00000034   Code   RO          893    i.Get_Gyro          seekfree_mpu6050.o
    0x00000ea8   0x00000ea8   0x00000040   Code   RO          815    i.I2C_SendACK       seekfree_iic.o
    0x00000ee8   0x00000ee8   0x00000024   Code   RO         1027    i.IIC_Start         oled_iic.o
    0x00000f0c   0x00000f0c   0x0000001c   Code   RO         1028    i.IIC_Stop          oled_iic.o
    0x00000f28   0x00000f28   0x00000014   Code   RO         1029    i.IIC_Wait_Ack      oled_iic.o
    0x00000f3c   0x00000f3c   0x00000024   Code   RO          816    i.IIC_init          seekfree_iic.o
    0x00000f60   0x00000f60   0x0000002c   Code   RO          817    i.IIC_start         seekfree_iic.o
    0x00000f8c   0x00000f8c   0x00000030   Code   RO          818    i.IIC_stop          seekfree_iic.o
    0x00000fbc   0x00000fbc   0x00000014   Code   RO          935    i.IRQ_IRQHandler    isr.o
    0x00000fd0   0x00000fd0   0x00000082   Code   RO          894    i.InitMPU6050       seekfree_mpu6050.o
    0x00001052   0x00001052   0x00000002   PAD
    0x00001054   0x00001054   0x00000014   Code   RO          936    i.KBI0_IRQHandler   isr.o
    0x00001068   0x00001068   0x0000053c   Code   RO         1531    i.KEY_SCAN          key.o
    0x000015a4   0x000015a4   0x0000001c   Code   RO          997    i.NVIC_Conf         nvic.o
    0x000015c0   0x000015c0   0x00000078   Code   RO          998    i.NVIC_SetPriority  nvic.o
    0x00001638   0x00001638   0x0000003e   Code   RO         1030    i.OLED_Clear        oled_iic.o
    0x00001676   0x00001676   0x000000f6   Code   RO         1031    i.OLED_Conf         oled_iic.o
    0x0000176c   0x0000176c   0x00000084   Code   RO         1035    i.OLED_MY_ShowNum   oled_iic.o
    0x000017f0   0x000017f0   0x0000002c   Code   RO         1037    i.OLED_SET_Pos      oled_iic.o
    0x0000181c   0x0000181c   0x0000009c   Code   RO         1039    i.OLED_ShowChar     oled_iic.o
    0x000018b8   0x000018b8   0x00000092   Code   RO         1040    i.OLED_ShowNum      oled_iic.o
    0x0000194a   0x0000194a   0x00000038   Code   RO         1041    i.OLED_ShowString   oled_iic.o
    0x00001982   0x00001982   0x0000001a   Code   RO         1042    i.OLED_WR_Byte      oled_iic.o
    0x0000199c   0x0000199c   0x000000bc   Code   RO         1401    i.OutPut_Data       protoco.o
    0x00001a58   0x00001a58   0x00000018   Code   RO          937    i.PIT_CH0_IRQHandler  isr.o
    0x00001a70   0x00001a70   0x00000078   Code   RO         1345    i.QingHua_AngleCalaulate  filter.o
    0x00001ae8   0x00001ae8   0x00000058   Code   RO         1289    i.READ_8_DATA       control.o
    0x00001b40   0x00001b40   0x00000058   Code   RO          819    i.SCCB_WaitAck      seekfree_iic.o
    0x00001b98   0x00001b98   0x00000058   Code   RO           15    i.Start             system_skeaz1284.o
    0x00001bf0   0x00001bf0   0x00000078   Code   RO         1290    i.WRITE_8_DATA      control.o
    0x00001c68   0x00001c68   0x0000004c   Code   RO         1043    i.Write_IIC_Byte    oled_iic.o
    0x00001cb4   0x00001cb4   0x0000002c   Code   RO         1044    i.Write_IIC_Command  oled_iic.o
    0x00001ce0   0x00001ce0   0x0000002c   Code   RO         1045    i.Write_IIC_Data    oled_iic.o
    0x00001d0c   0x00001d0c   0x0000002e   Code   RO         1755    i.__ARM_clz         mf_p.l(depilogue.o)
    0x00001d3a   0x00001d3a   0x0000001c   Code   RO          375    i.__ARM_common_switch8  kea128_ftm.o
    0x00001d56   0x00001d56   0x0000000e   Code   RO         1767    i.__scatterload_zeroinit  mc_p.l(handlers.o)
    0x00001d64   0x00001d64   0x0000000c   Code   RO         1745    i.__set_errno       mc_p.l(errno.o)
    0x00001d70   0x00001d70   0x00000028   Code   RO          235    i.adc_init          kea128_adc.o
    0x00001d98   0x00001d98   0x00000038   Code   RO          236    i.adc_once          kea128_adc.o
    0x00001dd0   0x00001dd0   0x000000e8   Code   RO         1446    i.angle_get         angle.o
    0x00001eb8   0x00001eb8   0x00000018   Code   RO           16    i.disable_wdog      system_skeaz1284.o
    0x00001ed0   0x00001ed0   0x00000058   Code   RO         1291    i.duty_5ms          control.o
    0x00001f28   0x00001f28   0x00000060   Code   RO         1447    i.duty_angle        angle.o
    0x00001f88   0x00001f88   0x000001d8   Code   RO         1292    i.duty_pwm          control.o
    0x00002160   0x00002160   0x000003a0   Code   RO         1476    i.duty_speed        speed.o
    0x00002500   0x00002500   0x00000060   Code   RO         1500    i.duty_turn         turn.o
    0x00002560   0x00002560   0x00000010   Code   RO          314    i.ftm_count_clean   kea128_ftm.o
    0x00002570   0x00002570   0x00000014   Code   RO          315    i.ftm_count_get     kea128_ftm.o
    0x00002584   0x00002584   0x0000003c   Code   RO          316    i.ftm_count_init    kea128_ftm.o
    0x000025c0   0x000025c0   0x000000b0   Code   RO          317    i.ftm_count_mux     kea128_ftm.o
    0x00002670   0x00002670   0x0000007c   Code   RO          318    i.ftm_pwm_duty      kea128_ftm.o
    0x000026ec   0x000026ec   0x00000124   Code   RO          320    i.ftm_pwm_init      kea128_ftm.o
    0x00002810   0x00002810   0x00000134   Code   RO          321    i.ftm_pwm_mux       kea128_ftm.o
    0x00002944   0x00002944   0x000000cc   Code   RO          197    i.get_clk           common.o
    0x00002a10   0x00002a10   0x00000394   Code   RO         1501    i.get_track         turn.o
    0x00002da4   0x00002da4   0x000000a8   Code   RO          382    i.gpio_ddr          kea128_gpio.o
    0x00002e4c   0x00002e4c   0x0000002c   Code   RO          383    i.gpio_get          kea128_gpio.o
    0x00002e78   0x00002e78   0x000000d4   Code   RO          384    i.gpio_init         kea128_gpio.o
    0x00002f4c   0x00002f4c   0x00000044   Code   RO          385    i.gpio_set          kea128_gpio.o
    0x00002f90   0x00002f90   0x00000118   Code   RO          970    i.main              main.o
    0x000030a8   0x000030a8   0x00000026   Code   RO          767    i.max_sort          seekfree_fun.o
    0x000030ce   0x000030ce   0x00000026   Code   RO          768    i.min_sort          seekfree_fun.o
    0x000030f4   0x000030f4   0x0000001a   Code   RO         1047    i.oled_pow          oled_iic.o
    0x0000310e   0x0000310e   0x00000002   PAD
    0x00003110   0x00003110   0x00000058   Code   RO          473    i.pit_init          kea128_pit.o
    0x00003168   0x00003168   0x00000050   Code   RO          515    i.prot_pull         kea128_port.o
    0x000031b8   0x000031b8   0x00000078   Code   RO          820    i.read_ch           seekfree_iic.o
    0x00003230   0x00003230   0x0000004e   Code   RO          821    i.send_ch           seekfree_iic.o
    0x0000327e   0x0000327e   0x00000010   Code   RO          822    i.simiic_delay      seekfree_iic.o
    0x0000328e   0x0000328e   0x0000003e   Code   RO          823    i.simiic_read_reg   seekfree_iic.o
    0x000032cc   0x000032cc   0x00000026   Code   RO          824    i.simiic_write_reg  seekfree_iic.o
    0x000032f2   0x000032f2   0x00000002   PAD
    0x000032f4   0x000032f4   0x00000048   Code   RO         1636    i.sqrt              m_ps.l(sqrt.o)
    0x0000333c   0x0000333c   0x00000030   Code   RO          637    i.systick_delay     kea128_systick.o
    0x0000336c   0x0000336c   0x0000001c   Code   RO          638    i.systick_delay_ms  kea128_systick.o
    0x00003388   0x00003388   0x00000016   Code   RO          639    i.systick_delay_us  kea128_systick.o
    0x0000339e   0x0000339e   0x00000002   PAD
    0x000033a0   0x000033a0   0x000000b8   Code   RO          539    i.uart_init         kea128_uart.o
    0x00003458   0x00003458   0x00000070   Code   RO          540    i.uart_mux          kea128_uart.o
    0x000034c8   0x000034c8   0x00000020   Code   RO          542    i.uart_putchar      kea128_uart.o
    0x000034e8   0x000034e8   0x00000016   Data   RO          198    .constdata          common.o
    0x000034fe   0x000034fe   0x00000002   PAD
    0x00003500   0x00003500   0x0000000c   Data   RO          322    .constdata          kea128_ftm.o
    0x0000350c   0x0000350c   0x0000000c   Data   RO          387    .constdata          kea128_gpio.o
    0x00003518   0x00003518   0x00002098   Data   RO         1177    .constdata          codetab.o
    0x000055b0   0x000055b0   0x00000020   Data   RO         1763    Region$$Table       anon$$obj.o


    Execution Region RW_IRAM1 (Exec base: 0x1ffff000, Load base: 0x000055d0, Size: 0x00000688, Max: 0x00004000, ABSOLUTE, COMPRESSED[0x00000048])

    Exec Addr    Load Addr    Size         Type   Attr      Idx    E Section Name        Object

    0x1ffff000   COMPRESSED   0x00000010   Data   RW          199    .data               common.o
    0x1ffff010   COMPRESSED   0x00000014   Data   RW          272    .data               kea128_flash.o
    0x1ffff024   COMPRESSED   0x00000006   Data   RW          323    .data               kea128_ftm.o
    0x1ffff02a   COMPRESSED   0x00000002   PAD
    0x1ffff02c   COMPRESSED   0x0000000c   Data   RW          549    .data               kea128_uart.o
    0x1ffff038   COMPRESSED   0x0000000c   Data   RW          895    .data               seekfree_mpu6050.o
    0x1ffff044   COMPRESSED   0x00000016   Data   RW         1293    .data               control.o
    0x1ffff05a   COMPRESSED   0x00000002   PAD
    0x1ffff05c   COMPRESSED   0x00000068   Data   RW         1348    .data               filter.o
    0x1ffff0c4   COMPRESSED   0x00000008   Data   RW         1405    .data               protoco.o
    0x1ffff0cc   COMPRESSED   0x00000024   Data   RW         1448    .data               angle.o
    0x1ffff0f0   COMPRESSED   0x00000034   Data   RW         1477    .data               speed.o
    0x1ffff124   COMPRESSED   0x00000028   Data   RW         1503    .data               turn.o
    0x1ffff14c   COMPRESSED   0x00000006   Data   RW         1532    .data               key.o
    0x1ffff152   COMPRESSED   0x00000002   PAD
    0x1ffff154   COMPRESSED   0x00000004   Data   RW         1746    .data               mc_p.l(errno.o)
    0x1ffff158        -       0x0000002c   Zero   RW         1502    .bss                turn.o
    0x1ffff184   COMPRESSED   0x00000004   PAD
    0x1ffff188        -       0x00000500   Zero   RW            1    STACK               startup_skeaz1284.o


==============================================================================

Image component sizes


      Code (inc. data)   RO Data    RW Data    ZI Data      Debug   Object Name

       328         82          0         36          0       1426   angle.o
         0          0       8344          0          0        959   codetab.o
       204         34         22         16          0       2201   common.o
       944        180          0         22          0       2934   control.o
       120         18          0        104          0       1935   filter.o
       204          8          0          0          0        523   init.o
        64         16          0          0          0       1276   isr.o
        96         16          0          0          0       1106   kea128_adc.o
       296         38          0         20          0       3633   kea128_flash.o
      1024         64         12          6          0       5292   kea128_ftm.o
       492         18         12          0          0       3197   kea128_gpio.o
        88         12          0          0          0        559   kea128_pit.o
        80          6          0          0          0        572   kea128_port.o
        98         10          0          0          0       1622   kea128_systick.o
       328         24          0         12          0       2369   kea128_uart.o
      1340        252          0          6          0       1351   key.o
       280         60          0          0          0       6467   main.o
         0          0          0          0          0       4635   misc.o
       148         10          0          0          0        964   nvic.o
      1142         12          0          0          0       9501   oled_iic.o
       256         14          0          8          0       1984   protoco.o
        76          0          0          0          0       1642   seekfree_fun.o
       594          0          0          0          0       5624   seekfree_iic.o
       272         24          0         12          0       2538   seekfree_mpu6050.o
       928        108          0         52          0       1308   speed.o
        56         30        192          0       1280       1056   startup_skeaz1284.o
       112         20          0          0          0     108679   system_skeaz1284.o
      1012         98          0         40         44       2421   turn.o

    ----------------------------------------------------------------------
     10592       1154       8616        340       1328     177774   Object Totals
         0          0         32          0          0          0   (incl. Generated)
        10          0          2          6          4          0   (incl. Padding)

    ----------------------------------------------------------------------

      Code (inc. data)   RO Data    RW Data    ZI Data      Debug   Library Member Name

        72          6          0          0          0         76   sqrt.o
        86          0          0          0          0          0   __dczerorl2.o
         0          0          0          0          0          0   entry.o
         0          0          0          0          0          0   entry10a.o
         0          0          0          0          0          0   entry11a.o
         8          4          0          0          0          0   entry2.o
         4          0          0          0          0          0   entry5.o
         0          0          0          0          0          0   entry7b.o
         0          0          0          0          0          0   entry8b.o
         8          4          0          0          0          0   entry9a.o
        12          6          0          4          0         60   errno.o
        30          0          0          0          0          0   handlers.o
        40          0          0          0          0         72   idiv.o
        36          8          0          0          0         68   init.o
         0          0          0          0          0          0   iusefp.o
        32          0          0          0          0         68   llshl.o
        38          0          0          0          0         68   llsshr.o
        34          0          0          0          0         68   llushr.o
        36          0          0          0          0         60   memcpya.o
        36          0          0          0          0        100   memseta.o
        44          0          0          0          0         72   uidiv.o
        40          2          0          0          0         68   cdcmple.o
        40          2          0          0          0         68   cdrcmple.o
        20          0          0          0          0         68   cfcmple.o
        20          0          0          0          0         68   cfrcmple.o
        56          0          0          0          0         68   d2f.o
       356          4          0          0          0        140   dadd.o
       240          6          0          0          0         84   ddiv.o
       236          0          0          0          0        216   depilogue.o
        72         10          0          0          0         72   dfixi.o
        40          6          0          0          0         68   dflti.o
        28          4          0          0          0         68   dfltui.o
       208          6          0          0          0         88   dmul.o
       162          0          0          0          0         80   dsqrt.o
        40          0          0          0          0         60   f2d.o
       178          0          0          0          0        108   fadd.o
       124          0          0          0          0         72   fdiv.o
       130          0          0          0          0        144   fepilogue.o
        50          0          0          0          0         60   ffixi.o
        40          0          0          0          0         60   ffixui.o
        22          0          0          0          0         68   fflti.o
        14          0          0          0          0         68   ffltui.o
       122          0          0          0          0         72   fmul.o

    ----------------------------------------------------------------------
      2760         68          0          4          0       2580   Library Totals
         6          0          0          0          0          0   (incl. Padding)

    ----------------------------------------------------------------------

      Code (inc. data)   RO Data    RW Data    ZI Data      Debug   Library Name

        72          6          0          0          0         76   m_ps.l
       444         22          0          4          0        636   mc_p.l
      2238         40          0          0          0       1868   mf_p.l

    ----------------------------------------------------------------------
      2760         68          0          4          0       2580   Library Totals

    ----------------------------------------------------------------------

==============================================================================


      Code (inc. data)   RO Data    RW Data    ZI Data      Debug   

     13352       1222       8616        344       1328     175750   Grand Totals
     13352       1222       8616         72       1328     175750   ELF Image Totals (compressed)
     13352       1222       8616         72          0          0   ROM Totals

==============================================================================

    Total RO  Size (Code + RO Data)                21968 (  21.45kB)
    Total RW  Size (RW Data + ZI Data)              1672 (   1.63kB)
    Total ROM Size (Code + RO Data + RW Data)      22040 (  21.52kB)

==============================================================================

